Component: Arm Compiler for Embedded 6.19 Tool: armlink [5e73cb00]

==============================================================================

Section Cross References

    basic_io.o(.text.vPrintString) refers to tasks.o(.text.vTaskSuspendAll) for vTaskSuspendAll
    basic_io.o(.text.vPrintString) refers to basic_io.o(.bss.cBuffer) for cBuffer
    basic_io.o(.text.vPrintString) refers to basic_io.o(.rodata.str1.1) for .L.str
    basic_io.o(.text.vPrintString) refers to sprintf.o(.text) for sprintf
    basic_io.o(.text.vPrintString) refers to consoleprint.o(.text.consoleprint) for consoleprint
    basic_io.o(.text.vPrintString) refers to tasks.o(.text.xTaskResumeAll) for xTaskResumeAll
    basic_io.o(.ARM.exidx.text.vPrintString) refers to basic_io.o(.text.vPrintString) for [Anonymous Symbol]
    basic_io.o(.text.vPrintStringAndNumber) refers to tasks.o(.text.vTaskSuspendAll) for vTaskSuspendAll
    basic_io.o(.text.vPrintStringAndNumber) refers to basic_io.o(.bss.cBuffer) for cBuffer
    basic_io.o(.text.vPrintStringAndNumber) refers to basic_io.o(.rodata.str1.1) for .L.str.1
    basic_io.o(.text.vPrintStringAndNumber) refers to sprintf.o(.text) for sprintf
    basic_io.o(.text.vPrintStringAndNumber) refers to consoleprint.o(.text.consoleprint) for consoleprint
    basic_io.o(.text.vPrintStringAndNumber) refers to tasks.o(.text.xTaskResumeAll) for xTaskResumeAll
    basic_io.o(.ARM.exidx.text.vPrintStringAndNumber) refers to basic_io.o(.text.vPrintStringAndNumber) for [Anonymous Symbol]
    basic_io.o(.text.vPrintStringAndNumbers) refers to tasks.o(.text.vTaskSuspendAll) for vTaskSuspendAll
    basic_io.o(.text.vPrintStringAndNumbers) refers to basic_io.o(.bss.cBuffer) for cBuffer
    basic_io.o(.text.vPrintStringAndNumbers) refers to basic_io.o(.rodata.str1.1) for .L.str.2
    basic_io.o(.text.vPrintStringAndNumbers) refers to sprintf.o(.text) for sprintf
    basic_io.o(.text.vPrintStringAndNumbers) refers to consoleprint.o(.text.consoleprint) for consoleprint
    basic_io.o(.text.vPrintStringAndNumbers) refers to tasks.o(.text.xTaskResumeAll) for xTaskResumeAll
    basic_io.o(.ARM.exidx.text.vPrintStringAndNumbers) refers to basic_io.o(.text.vPrintStringAndNumbers) for [Anonymous Symbol]
    consoleprint.o(.text.consoleprint) refers to strlen.o(.text) for strlen
    consoleprint.o(.text.consoleprint) refers to retarget.o(.text.__write) for __write
    consoleprint.o(.ARM.exidx.text.consoleprint) refers to consoleprint.o(.text.consoleprint) for [Anonymous Symbol]
    main.o(.text.InterruptInit) refers to main.o(.text.ISRHandlers) for ISRHandlers
    main.o(.text.InterruptInit) refers to gpio.o(.text.GPIOIntRegister) for GPIOIntRegister
    main.o(.text.InterruptInit) refers to gpio.o(.text.GPIOIntTypeSet) for GPIOIntTypeSet
    main.o(.text.InterruptInit) refers to interrupt.o(.text.IntPrioritySet) for IntPrioritySet
    main.o(.text.InterruptInit) refers to gpio.o(.text.GPIOIntEnable) for GPIOIntEnable
    main.o(.ARM.exidx.text.InterruptInit) refers to main.o(.text.InterruptInit) for [Anonymous Symbol]
    main.o(.text.ISRHandlers) refers to gpio.o(.text.GPIOIntStatus) for GPIOIntStatus
    main.o(.text.ISRHandlers) refers to gpio.o(.text.GPIOIntClear) for GPIOIntClear
    main.o(.text.ISRHandlers) refers to ignition.o(.bss.xIgnitionSemaphore) for xIgnitionSemaphore
    main.o(.text.ISRHandlers) refers to queue.o(.text.xQueueGiveFromISR) for xQueueGiveFromISR
    main.o(.text.ISRHandlers) refers to gear.o(.bss.xGearSemaphore) for xGearSemaphore
    main.o(.text.ISRHandlers) refers to door.o(.bss.xDoorSemaphore) for xDoorSemaphore
    main.o(.text.ISRHandlers) refers to door.o(.bss.xLockSemaphore) for xLockSemaphore
    main.o(.ARM.exidx.text.ISRHandlers) refers to main.o(.text.ISRHandlers) for [Anonymous Symbol]
    main.o(.text.main) refers to dio.o(.text.DIO_Init) for DIO_Init
    main.o(.text.main) refers to lcd.o(.text.I2C1_Init) for I2C1_Init
    main.o(.text.main) refers to lcd.o(.text.LCD_init) for LCD_init
    main.o(.text.main) refers to lcd.o(.text.LCD_command) for LCD_command
    main.o(.text.main) refers to potentiometer.o(.text.Potentiometer_Init) for Potentiometer_Init
    main.o(.text.main) refers to lcd.o(.text.delay_ms) for delay_ms
    main.o(.text.main) refers to ultrasonic.o(.text.Ultrasonic_Init) for Ultrasonic_Init
    main.o(.text.main) refers to dio.o(.text.DIO_Configure) for DIO_Configure
    main.o(.text.main) refers to queue.o(.text.xQueueGenericCreate) for xQueueGenericCreate
    main.o(.text.main) refers to ignition.o(.bss.xIgnitionSemaphore) for xIgnitionSemaphore
    main.o(.text.main) refers to gear.o(.bss.xGearSemaphore) for xGearSemaphore
    main.o(.text.main) refers to door.o(.bss.xDoorSemaphore) for xDoorSemaphore
    main.o(.text.main) refers to door.o(.bss.xLockSemaphore) for xLockSemaphore
    main.o(.text.main) refers to ultrasonic.o(.bss.xUltrasonicSemaphore) for xUltrasonicSemaphore
[...]
    [Anonymous Symbol]                       0x00003288   Section        0  buzzer.o(.text.vBuzzerTask)
    [Anonymous Symbol]                       0x000033ec   Section        0  list.o(.text.vListInitialise)
    [Anonymous Symbol]                       0x0000341c   Section        0  list.o(.text.vListInitialiseItem)
    [Anonymous Symbol]                       0x0000342c   Section        0  list.o(.text.vListInsert)
    vPortEnableVFP                           0x00003499   Thumb Code    20  port.o(.text.vPortEnableVFP)
    [Anonymous Symbol]                       0x00003498   Section        0  port.o(.text.vPortEnableVFP)
    [Anonymous Symbol]                       0x000034ac   Section        0  port.o(.text.vPortEnterCritical)
    [Anonymous Symbol]                       0x000034dc   Section        0  port.o(.text.vPortExitCritical)
    [Anonymous Symbol]                       0x00003504   Section        0  heap_4.o(.text.vPortFree)
    [Anonymous Symbol]                       0x0000357c   Section        0  port.o(.text.vPortSetupTimerInterrupt)
    [Anonymous Symbol]                       0x000035c0   Section        0  queue.o(.text.vQueueDelete)
    [Anonymous Symbol]                       0x000035e4   Section        0  queue.o(.text.vQueueWaitForMessageRestricted)
    [Anonymous Symbol]                       0x00003648   Section        0  potentiometer.o(.text.vSpeedTask)
    [Anonymous Symbol]                       0x0000368c   Section        0  tasks.o(.text.vTaskDelay)
    [Anonymous Symbol]                       0x000036d8   Section        0  tasks.o(.text.vTaskInternalSetTimeOutState)
    [Anonymous Symbol]                       0x000036fc   Section        0  tasks.o(.text.vTaskMissedYield)
    [Anonymous Symbol]                       0x0000370c   Section        0  tasks.o(.text.vTaskPlaceOnEventList)
    [Anonymous Symbol]                       0x00003734   Section        0  tasks.o(.text.vTaskPlaceOnEventListRestricted)
    [Anonymous Symbol]                       0x00003798   Section        0  tasks.o(.text.vTaskPriorityDisinheritAfterTimeout)
    [Anonymous Symbol]                       0x000038d0   Section        0  tasks.o(.text.vTaskStartScheduler)
    [Anonymous Symbol]                       0x00003944   Section        0  tasks.o(.text.vTaskSuspendAll)
    __tagsym$$used.0                         0x00003954   Number         0  tasks.o(.text.vTaskSwitchContext)
    [Anonymous Symbol]                       0x00003954   Section        0  tasks.o(.text.vTaskSwitchContext)
    [Anonymous Symbol]                       0x00003a10   Section        0  ultrasonic.o(.text.vUltrasonicTask)
    [Anonymous Symbol]                       0x00003ad4   Section        0  port.o(.text.xPortStartScheduler)
    [Anonymous Symbol]                       0x00003b40   Section        0  port.o(.text.xPortSysTickHandler)
    [Anonymous Symbol]                       0x00003b80   Section        0  queue.o(.text.xQueueCreateMutex)
    [Anonymous Symbol]                       0x00003ba8   Section        0  queue.o(.text.xQueueCreateMutexStatic)
    [Anonymous Symbol]                       0x00003bdc   Section        0  queue.o(.text.xQueueGenericCreate)
    [Anonymous Symbol]                       0x00003c64   Section        0  queue.o(.text.xQueueGenericCreateStatic)
    [Anonymous Symbol]                       0x00003cd0   Section        0  queue.o(.text.xQueueGenericReset)
    [Anonymous Symbol]                       0x00003da0   Section        0  queue.o(.text.xQueueGenericSend)
    [Anonymous Symbol]                       0x00003f0c   Section        0  queue.o(.text.xQueueGiveFromISR)
    [Anonymous Symbol]                       0x00003fd4   Section        0  queue.o(.text.xQueueReceive)
    [Anonymous Symbol]                       0x00004128   Section        0  queue.o(.text.xQueueSemaphoreTake)
    [Anonymous Symbol]                       0x000042c8   Section        0  tasks.o(.text.xTaskCheckForTimeOut)
    [Anonymous Symbol]                       0x0000438c   Section        0  tasks.o(.text.xTaskCreate)
    [Anonymous Symbol]                       0x000043e0   Section        0  tasks.o(.text.xTaskCreateStatic)
    [Anonymous Symbol]                       0x0000443c   Section        0  tasks.o(.text.xTaskGetSchedulerState)
    [Anonymous Symbol]                       0x00004474   Section        0  tasks.o(.text.xTaskGetTickCount)
    [Anonymous Symbol]                       0x00004488   Section        0  tasks.o(.text.xTaskIncrementTick)
    [Anonymous Symbol]                       0x000046e8   Section        0  tasks.o(.text.xTaskPriorityDisinherit)
    [Anonymous Symbol]                       0x000047dc   Section        0  tasks.o(.text.xTaskPriorityInherit)
    [Anonymous Symbol]                       0x00004938   Section        0  tasks.o(.text.xTaskRemoveFromEventList)
    [Anonymous Symbol]                       0x00004acc   Section        0  tasks.o(.text.xTaskResumeAll)
    [Anonymous Symbol]                       0x00004d0c   Section        0  timers.o(.text.xTimerCreateTimerTask)
    $v0                                      0x00004d84   Number         0  fpinit.o(x$fpl$fpinit)
    x$fpl$fpinit                             0x00004d84   Section       26  fpinit.o(x$fpl$fpinit)
    g_ppui32GPIOIntMapBlizzard               0x00004da0   Data         192  gpio.o(.rodata.g_ppui32GPIOIntMapBlizzard)
    [Anonymous Symbol]                       0x00004da0   Section        0  gpio.o(.rodata.g_ppui32GPIOIntMapBlizzard)
    g_ppui32GPIOIntMapSnowflake              0x00004e60   Data         192  gpio.o(.rodata.g_ppui32GPIOIntMapSnowflake)
    [Anonymous Symbol]                       0x00004e60   Section        0  gpio.o(.rodata.g_ppui32GPIOIntMapSnowflake)
    g_pui32EnRegs                            0x00004f20   Data          20  interrupt.o(.rodata.g_pui32EnRegs)
    [Anonymous Symbol]                       0x00004f20   Section        0  interrupt.o(.rodata.g_pui32EnRegs)
    g_pui32Regs                              0x00004f34   Data         156  interrupt.o(.rodata.g_pui32Regs)
    [Anonymous Symbol]                       0x00004f34   Section        0  interrupt.o(.rodata.g_pui32Regs)
    .L.str.3                                 0x00004fd0   Data          11  main.o(.rodata.str1.1)
    [Anonymous Symbol]                       0x00004fd0   Section        0  main.o(.rodata.str1.1)
    .L.str                                   0x00004fdb   Data          14  main.o(.rodata.str1.1)
    .L.str.2                                 0x00004fe9   Data          10  main.o(.rodata.str1.1)
    .L.str.6                                 0x00004ff3   Data          13  main.o(.rodata.str1.1)
    .L.str.1                                 0x00005000   Data          10  main.o(.rodata.str1.1)
    .L.str.4                                 0x0000500a   Data          11  main.o(.rodata.str1.1)
    .L.str.5                                 0x00005015   Data           9  main.o(.rodata.str1.1)
    .L.str.5                                 0x0000501e   Data          10  lcd.o(.rodata.str1.1)
    [Anonymous Symbol]                       0x0000501e   Section        0  lcd.o(.rodata.str1.1)
    .L.str.1                                 0x00005028   Data           9  lcd.o(.rodata.str1.1)
    .L.str                                   0x00005031   Data           8  lcd.o(.rodata.str1.1)
    .L.str.6                                 0x00005039   Data           7  lcd.o(.rodata.str1.1)
    .L.str.3                                 0x00005040   Data           7  lcd.o(.rodata.str1.1)
    .L.str.2                                 0x00005047   Data           7  lcd.o(.rodata.str1.1)
    .L.str.4                                 0x0000504e   Data           3  lcd.o(.rodata.str1.1)
    .L.str                                   0x00005051   Data           5  tasks.o(.rodata.str1.1)
    .L.str.7                                 0x00005051   Data          13  lcd.o(.rodata.str1.1)
    [Anonymous Symbol]                       0x00005051   Section        0  tasks.o(.rodata.str1.1)
    .L.str                                   0x00005056   Data           8  timers.o(.rodata.str1.1)
    [Anonymous Symbol]                       0x00005056   Section        0  timers.o(.rodata.str1.1)
    .L.str.8                                 0x0000505e   Data           2  lcd.o(.rodata.str1.1)
    .L.str.9                                 0x00005060   Data          13  lcd.o(.rodata.str1.1)
    uxTopUsedPriority                        0x00005060   Data           4  tasks.o(.rodata.uxTopUsedPriority)
    [Anonymous Symbol]                       0x00005060   Section        0  tasks.o(.rodata.uxTopUsedPriority)
    .L.str.10                                0x0000506d   Data          15  lcd.o(.rodata.str1.1)
    .L.str.11                                0x0000507c   Data           2  lcd.o(.rodata.str1.1)
    uxCriticalNesting                        0x20000004   Data           4  port.o(.data.uxCriticalNesting)
    [Anonymous Symbol]                       0x20000004   Section        0  port.o(.data.uxCriticalNesting)
    g_pfnRAMVectors                          0x20000400   Data         620  interrupt.o(vtable)
    [Anonymous Symbol]                       0x20000400   Section        0  interrupt.o(vtable)
    .bss                                     0x20000670   Section       96  libspace.o(.bss)
    clib_mutex_cb                            0x200006d4   Data         400  clib_os.o(.bss.clib_mutex_cb)
    [Anonymous Symbol]                       0x200006d4   Section        0  clib_os.o(.bss.clib_mutex_cb)
    clib_mutex_id                            0x20000864   Data          20  clib_os.o(.bss.clib_mutex_id)
    [Anonymous Symbol]                       0x20000864   Section        0  clib_os.o(.bss.clib_mutex_id)
    prvCheckForValidListAndQueue.ucStaticTimerQueueStorage 0x20000885   Data          80  timers.o(.bss.prvCheckForValidListAndQueue.ucStaticTimerQueueStorage)
    [Anonymous Symbol]                       0x20000885   Section        0  timers.o(.bss.prvCheckForValidListAndQueue.ucStaticTimerQueueStorage)
    prvCheckForValidListAndQueue.xStaticTimerQueue 0x200008d8   Data          80  timers.o(.bss.prvCheckForValidListAndQueue.xStaticTimerQueue)
    [Anonymous Symbol]                       0x200008d8   Section        0  timers.o(.bss.prvCheckForValidListAndQueue.xStaticTimerQueue)
    prvSampleTimeNow.xLastTime               0x20000928   Data           4  timers.o(.bss.prvSampleTimeNow.xLastTime)
    [Anonymous Symbol]                       0x20000928   Section        0  timers.o(.bss.prvSampleTimeNow.xLastTime)
    __tagsym$$used.1                         0x2000092c   Number         0  tasks.o(.bss.pxCurrentTCB)
    pxCurrentTimerList                       0x20000930   Data           4  timers.o(.bss.pxCurrentTimerList)
    [Anonymous Symbol]                       0x20000930   Section        0  timers.o(.bss.pxCurrentTimerList)
    pxDelayedTaskList                        0x20000934   Data           4  tasks.o(.bss.pxDelayedTaskList)
    [Anonymous Symbol]                       0x20000934   Section        0  tasks.o(.bss.pxDelayedTaskList)
    pxEnd                                    0x20000938   Data           4  heap_4.o(.bss.pxEnd)
    [Anonymous Symbol]                       0x20000938   Section        0  heap_4.o(.bss.pxEnd)
    pxOverflowDelayedTaskList                0x2000093c   Data           4  tasks.o(.bss.pxOverflowDelayedTaskList)
    [Anonymous Symbol]                       0x2000093c   Section        0  tasks.o(.bss.pxOverflowDelayedTaskList)
    pxOverflowTimerList                      0x20000940   Data           4  timers.o(.bss.pxOverflowTimerList)
    [Anonymous Symbol]                       0x20000940   Section        0  timers.o(.bss.pxOverflowTimerList)
    pxReadyTasksLists                        0x20000944   Data        1120  tasks.o(.bss.pxReadyTasksLists)
    [Anonymous Symbol]                       0x20000944   Section        0  tasks.o(.bss.pxReadyTasksLists)
    ucHeap                                   0x20000da8   Data        8192  heap_4.o(.bss.ucHeap)
    [Anonymous Symbol]                       0x20000da8   Section        0  heap_4.o(.bss.ucHeap)
    uxCurrentNumberOfTasks                   0x20002da8   Data           4  tasks.o(.bss.uxCurrentNumberOfTasks)
    [Anonymous Symbol]                       0x20002da8   Section        0  tasks.o(.bss.uxCurrentNumberOfTasks)
    uxDeletedTasksWaitingCleanUp             0x20002dac   Data           4  tasks.o(.bss.uxDeletedTasksWaitingCleanUp)
    [Anonymous Symbol]                       0x20002dac   Section        0  tasks.o(.bss.uxDeletedTasksWaitingCleanUp)
    uxSchedulerSuspended                     0x20002db0   Data           4  tasks.o(.bss.uxSchedulerSuspended)
    [Anonymous Symbol]                       0x20002db0   Section        0  tasks.o(.bss.uxSchedulerSuspended)
    uxTaskNumber                             0x20002db4   Data           4  tasks.o(.bss.uxTaskNumber)
    [Anonymous Symbol]                       0x20002db4   Section        0  tasks.o(.bss.uxTaskNumber)
    uxTopReadyPriority                       0x20002db8   Data           4  tasks.o(.bss.uxTopReadyPriority)
    [Anonymous Symbol]                       0x20002db8   Section        0  tasks.o(.bss.uxTopReadyPriority)
    vApplicationGetIdleTaskMemory.uxIdleTaskStack 0x20002dbc   Data         512  tasks.o(.bss.vApplicationGetIdleTaskMemory.uxIdleTaskStack)
    [Anonymous Symbol]                       0x20002dbc   Section        0  tasks.o(.bss.vApplicationGetIdleTaskMemory.uxIdleTaskStack)
    vApplicationGetIdleTaskMemory.xIdleTaskTCB 0x20002fbc   Data          92  tasks.o(.bss.vApplicationGetIdleTaskMemory.xIdleTaskTCB)
    [Anonymous Symbol]                       0x20002fbc   Section        0  tasks.o(.bss.vApplicationGetIdleTaskMemory.xIdleTaskTCB)
    vApplicationGetTimerTaskMemory.uxTimerTaskStack 0x20003018   Data         320  tasks.o(.bss.vApplicationGetTimerTaskMemory.uxTimerTaskStack)
    [Anonymous Symbol]                       0x20003018   Section        0  tasks.o(.bss.vApplicationGetTimerTaskMemory.uxTimerTaskStack)
    vApplicationGetTimerTaskMemory.xTimerTaskTCB 0x20003158   Data          92  tasks.o(.bss.vApplicationGetTimerTaskMemory.xTimerTaskTCB)
    [Anonymous Symbol]                       0x20003158   Section        0  tasks.o(.bss.vApplicationGetTimerTaskMemory.xTimerTaskTCB)
    xActiveTimerList1                        0x200031b4   Data          20  timers.o(.bss.xActiveTimerList1)
    [Anonymous Symbol]                       0x200031b4   Section        0  timers.o(.bss.xActiveTimerList1)
    xActiveTimerList2                        0x200031c8   Data          20  timers.o(.bss.xActiveTimerList2)
    [Anonymous Symbol]                       0x200031c8   Section        0  timers.o(.bss.xActiveTimerList2)
    xDelayedTaskList1                        0x200031e4   Data          20  tasks.o(.bss.xDelayedTaskList1)
    [Anonymous Symbol]                       0x200031e4   Section        0  tasks.o(.bss.xDelayedTaskList1)
    xDelayedTaskList2                        0x200031f8   Data          20  tasks.o(.bss.xDelayedTaskList2)
    [Anonymous Symbol]                       0x200031f8   Section        0  tasks.o(.bss.xDelayedTaskList2)
    xFreeBytesRemaining                      0x20003210   Data           4  heap_4.o(.bss.xFreeBytesRemaining)
    [Anonymous Symbol]                       0x20003210   Section        0  heap_4.o(.bss.xFreeBytesRemaining)
    xIdleTaskHandles                         0x20003218   Data           4  tasks.o(.bss.xIdleTaskHandles)
    [Anonymous Symbol]                       0x20003218   Section        0  tasks.o(.bss.xIdleTaskHandles)
    xMinimumEverFreeBytesRemaining           0x20003224   Data           4  heap_4.o(.bss.xMinimumEverFreeBytesRemaining)
    [Anonymous Symbol]                       0x20003224   Section        0  heap_4.o(.bss.xMinimumEverFreeBytesRemaining)
    xNextTaskUnblockTime                     0x20003228   Data           4  tasks.o(.bss.xNextTaskUnblockTime)
    [Anonymous Symbol]                       0x20003228   Section        0  tasks.o(.bss.xNextTaskUnblockTime)
    xNumOfOverflows                          0x2000322c   Data           4  tasks.o(.bss.xNumOfOverflows)
    [Anonymous Symbol]                       0x2000322c   Section        0  tasks.o(.bss.xNumOfOverflows)
    xNumberOfSuccessfulAllocations           0x20003230   Data           4  heap_4.o(.bss.xNumberOfSuccessfulAllocations)
    [Anonymous Symbol]                       0x20003230   Section        0  heap_4.o(.bss.xNumberOfSuccessfulAllocations)
    xNumberOfSuccessfulFrees                 0x20003234   Data           4  heap_4.o(.bss.xNumberOfSuccessfulFrees)
    [Anonymous Symbol]                       0x20003234   Section        0  heap_4.o(.bss.xNumberOfSuccessfulFrees)
    xPendedTicks                             0x20003238   Data           4  tasks.o(.bss.xPendedTicks)
    [Anonymous Symbol]                       0x20003238   Section        0  tasks.o(.bss.xPendedTicks)
    xPendingReadyList                        0x2000323c   Data          20  tasks.o(.bss.xPendingReadyList)
    [Anonymous Symbol]                       0x2000323c   Section        0  tasks.o(.bss.xPendingReadyList)
    xSchedulerRunning                        0x20003250   Data           4  tasks.o(.bss.xSchedulerRunning)
    [Anonymous Symbol]                       0x20003250   Section        0  tasks.o(.bss.xSchedulerRunning)
    xStart                                   0x20003254   Data           8  heap_4.o(.bss.xStart)
    [Anonymous Symbol]                       0x20003254   Section        0  heap_4.o(.bss.xStart)
    xSuspendedTaskList                       0x2000325c   Data          20  tasks.o(.bss.xSuspendedTaskList)
    [Anonymous Symbol]                       0x2000325c   Section        0  tasks.o(.bss.xSuspendedTaskList)
    xTasksWaitingTermination                 0x20003270   Data          20  tasks.o(.bss.xTasksWaitingTermination)
    [Anonymous Symbol]                       0x20003270   Section        0  tasks.o(.bss.xTasksWaitingTermination)
    xTickCount                               0x20003284   Data           4  tasks.o(.bss.xTickCount)
    [Anonymous Symbol]                       0x20003284   Section        0  tasks.o(.bss.xTickCount)
    xTimerQueue                              0x20003288   Data           4  timers.o(.bss.xTimerQueue)
    [Anonymous Symbol]                       0x20003288   Section        0  timers.o(.bss.xTimerQueue)
    xTimerTaskHandle                         0x2000328c   Data           4  timers.o(.bss.xTimerTaskHandle)
    [Anonymous Symbol]                       0x2000328c   Section        0  timers.o(.bss.xTimerTaskHandle)
    xYieldPendings                           0x20003294   Data           4  tasks.o(.bss.xYieldPendings)
    [Anonymous Symbol]                       0x20003294   Section        0  tasks.o(.bss.xYieldPendings)
    Heap_Mem                                 0x20003298   Data           0  startup_tm4c123.o(HEAP)
    Stack_Mem                                0x20003298   Data         512  startup_tm4c123.o(STACK)
    HEAP                                     0x20003298   Section        0  startup_tm4c123.o(HEAP)
    STACK                                    0x20003298   Section      512  startup_tm4c123.o(STACK)
    __initial_sp                             0x20003498   Data           0  startup_tm4c123.o(STACK)

    Global Symbols

    Symbol Name                              Value     Ov Type        Size  Object(Section)

    BuildAttributes$$THM_ISAv4$E$P$D$K$B$S$7EM$VFPi3$EXTD16$VFPS$VFMA$PE$A:L22UL41UL21$X:L11$S22US41US21$IEEE1$IW$~IW$USESV6$~STKCKD$USESV7$~SHL$OTIME$ROPI$IEEEJ$EBA8$UX$STANDARDLIB$REQ8$PRES8$EABIv2 0x00000000   Number         0  anon$$obj.o ABSOLUTE
    __Vectors                                0x00000000   Data           4  startup_tm4c123.o(RESET)
    _printf_flags                            0x00000000   Number         0  printf_stubs.o ABSOLUTE
    _printf_return_value                     0x00000000   Number         0  printf_stubs.o ABSOLUTE
    _printf_sizespec                         0x00000000   Number         0  printf_stubs.o ABSOLUTE
    _printf_widthprec                        0x00000000   Number         0  printf_stubs.o ABSOLUTE
    __ARM_exceptions_init                     - Undefined Weak Reference
    __alloca_initialize                       - Undefined Weak Reference
    __arm_preinit_                            - Undefined Weak Reference
    __arm_relocate_pie_                       - Undefined Weak Reference
    __cpp_initialize__aeabi_                  - Undefined Weak Reference
    __cxa_finalize                            - Undefined Weak Reference
    __sigvec_lookup                           - Undefined Weak Reference
    _atexit_init                              - Undefined Weak Reference
    _call_atexit_fns                          - Undefined Weak Reference
    _clock_init                               - Undefined Weak Reference
    _fp_trap_init                             - Undefined Weak Reference
    _fp_trap_shutdown                         - Undefined Weak Reference
    _get_lc_collate                           - Undefined Weak Reference
    _get_lc_monetary                          - Undefined Weak Reference
    _get_lc_time                              - Undefined Weak Reference
    _getenv_init                              - Undefined Weak Reference
    _handle_redirection                       - Undefined Weak Reference
    _init_alloc                               - Undefined Weak Reference
    _init_user_alloc                          - Undefined Weak Reference
    _initio                                   - Undefined Weak Reference
    _printf_mbtowc                            - Undefined Weak Reference
    _printf_wc                                - Undefined Weak Reference
    _rand_init                                - Undefined Weak Reference
    _signal_finish                            - Undefined Weak Reference
    _signal_init                              - Undefined Weak Reference
    _terminate_alloc                          - Undefined Weak Reference
    _terminate_user_alloc                     - Undefined Weak Reference
    _terminateio                              - Undefined Weak Reference
    __Vectors_End                            0x0000026c   Data           0  startup_tm4c123.o(RESET)
    __Vectors_Size                           0x0000026c   Number         0  startup_tm4c123.o ABSOLUTE
    __main                                   0x0000026d   Thumb Code     8  __main.o(!!!main)
    __scatterload                            0x00000275   Thumb Code     0  __scatter.o(!!!scatter)
    __scatterload_rt2                        0x00000275   Thumb Code    44  __scatter.o(!!!scatter)
    __scatterload_rt2_thumb_only             0x00000275   Thumb Code     0  __scatter.o(!!!scatter)
    __scatterload_null                       0x00000283   Thumb Code     0  __scatter.o(!!!scatter)
    __decompress                             0x000002a9   Thumb Code    58  __dczerorl.o(!!dczerorl)
    __decompress0                            0x000002a9   Thumb Code     0  __dczerorl.o(!!dczerorl)
    __scatterload_zeroinit                   0x000002e5   Thumb Code    28  __scatter_zi.o(!!handler_zi)
    __rt_lib_init                            0x00000301   Thumb Code     0  libinit.o(.ARM.Collect$$libinit$$00000000)
    __rt_lib_init_fp_1                       0x00000303   Thumb Code     0  libinit2.o(.ARM.Collect$$libinit$$00000001)
    __rt_lib_init_alloca_1                   0x00000307   Thumb Code     0  libinit2.o(.ARM.Collect$$libinit$$00000030)
    __rt_lib_init_argv_1                     0x00000307   Thumb Code     0  libinit2.o(.ARM.Collect$$libinit$$0000002E)
    __rt_lib_init_atexit_1                   0x00000307   Thumb Code     0  libinit2.o(.ARM.Collect$$libinit$$0000001D)
    __rt_lib_init_clock_1                    0x00000307   Thumb Code     0  libinit2.o(.ARM.Collect$$libinit$$00000023)
    __rt_lib_init_cpp_1                      0x00000307   Thumb Code     0  libinit2.o(.ARM.Collect$$libinit$$00000034)
    __rt_lib_init_exceptions_1               0x00000307   Thumb Code     0  libinit2.o(.ARM.Collect$$libinit$$00000032)
    __rt_lib_init_fp_trap_1                  0x00000307   Thumb Code     0  libinit2.o(.ARM.Collect$$libinit$$00000021)
    __rt_lib_init_getenv_1                   0x00000307   Thumb Code     0  libinit2.o(.ARM.Collect$$libinit$$00000025)
    __rt_lib_init_heap_1                     0x00000307   Thumb Code     0  libinit2.o(.ARM.Collect$$libinit$$0000000C)
    __rt_lib_init_lc_collate_1               0x00000307   Thumb Code     0  libinit2.o(.ARM.Collect$$libinit$$00000013)
    __rt_lib_init_lc_ctype_1                 0x00000307   Thumb Code     0  libinit2.o(.ARM.Collect$$libinit$$00000015)
    __rt_lib_init_lc_monetary_1              0x00000307   Thumb Code     0  libinit2.o(.ARM.Collect$$libinit$$00000017)
    __rt_lib_init_lc_numeric_1               0x00000307   Thumb Code     0  libinit2.o(.ARM.Collect$$libinit$$00000019)
    __rt_lib_init_lc_time_1                  0x00000307   Thumb Code     0  libinit2.o(.ARM.Collect$$libinit$$0000001B)
    __rt_lib_init_preinit_1                  0x00000307   Thumb Code     0  libinit2.o(.ARM.Collect$$libinit$$00000006)
    __rt_lib_init_rand_1                     0x00000307   Thumb Code     0  libinit2.o(.ARM.Collect$$libinit$$00000010)
    __rt_lib_init_relocate_pie_1             0x00000307   Thumb Code     0  libinit2.o(.ARM.Collect$$libinit$$00000004)
    __rt_lib_init_return                     0x00000307   Thumb Code     0  libinit2.o(.ARM.Collect$$libinit$$00000035)
    __rt_lib_init_signal_1                   0x00000307   Thumb Code     0  libinit2.o(.ARM.Collect$$libinit$$0000001F)
    __rt_lib_init_stdio_1                    0x00000307   Thumb Code     0  libinit2.o(.ARM.Collect$$libinit$$00000027)
    __rt_lib_init_user_alloc_1               0x00000307   Thumb Code     0  libinit2.o(.ARM.Collect$$libinit$$0000000E)
    __rt_lib_shutdown                        0x00000309   Thumb Code     0  libshutdown.o(.ARM.Collect$$libshutdown$$00000000)
    __rt_lib_shutdown_cpp_1                  0x0000030b   Thumb Code     0  libshutdown2.o(.ARM.Collect$$libshutdown$$00000002)
    __rt_lib_shutdown_fp_trap_1              0x0000030b   Thumb Code     0  libshutdown2.o(.ARM.Collect$$libshutdown$$00000007)
    __rt_lib_shutdown_heap_1                 0x0000030b   Thumb Code     0  libshutdown2.o(.ARM.Collect$$libshutdown$$0000000F)
    __rt_lib_shutdown_return                 0x0000030b   Thumb Code     0  libshutdown2.o(.ARM.Collect$$libshutdown$$00000010)
    __rt_lib_shutdown_signal_1               0x0000030b   Thumb Code     0  libshutdown2.o(.ARM.Collect$$libshutdown$$0000000A)
    __rt_lib_shutdown_stdio_1                0x0000030b   Thumb Code     0  libshutdown2.o(.ARM.Collect$$libshutdown$$00000004)
    __rt_lib_shutdown_user_alloc_1           0x0000030b   Thumb Code     0  libshutdown2.o(.ARM.Collect$$libshutdown$$0000000C)
    __rt_entry                               0x0000030d   Thumb Code     0  __rtentry.o(.ARM.Collect$$rtentry$$00000000)
    __rt_entry_presh_1                       0x0000030d   Thumb Code     0  __rtentry2.o(.ARM.Collect$$rtentry$$00000002)
    __rt_entry_sh                            0x0000030d   Thumb Code     0  __rtentry4.o(.ARM.Collect$$rtentry$$00000004)
    __rt_entry_postsh_1                      0x00000313   Thumb Code     0  __rtentry2.o(.ARM.Collect$$rtentry$$00000008)
    __rt_entry_li                            0x0000031b   Thumb Code     0  __rtentry2.o(.ARM.Collect$$rtentry$$0000000A)
    __rt_entry_main                          0x0000031f   Thumb Code     0  __rtentry2.o(.ARM.Collect$$rtentry$$0000000D)
    __rt_entry_postli_1                      0x0000031f   Thumb Code     0  __rtentry2.o(.ARM.Collect$$rtentry$$0000000C)
    __rt_exit                                0x00000327   Thumb Code     0  rtexit.o(.ARM.Collect$$rtexit$$00000000)
    __rt_exit_ls                             0x00000329   Thumb Code     0  rtexit2.o(.ARM.Collect$$rtexit$$00000003)
    __rt_exit_prels_1                        0x00000329   Thumb Code     0  rtexit2.o(.ARM.Collect$$rtexit$$00000002)
    __rt_exit_exit                           0x0000032d   Thumb Code     0  rtexit2.o(.ARM.Collect$$rtexit$$00000004)
    Reset_Handler                            0x00000335   Thumb Code     8  startup_tm4c123.o(.text)
    NMI_Handler                              0x0000033d   Thumb Code     2  startup_tm4c123.o(.text)
    HardFault_Handler                        0x0000033f   Thumb Code     2  startup_tm4c123.o(.text)
    MemManage_Handler                        0x00000341   Thumb Code     2  startup_tm4c123.o(.text)
    BusFault_Handler                         0x00000343   Thumb Code     2  startup_tm4c123.o(.text)
    UsageFault_Handler                       0x00000345   Thumb Code     2  startup_tm4c123.o(.text)
    DebugMon_Handler                         0x00000349   Thumb Code     2  startup_tm4c123.o(.text)
    GPIOA_Handler                            0x0000034f   Thumb Code     2  startup_tm4c123.o(.text)
    GPIOB_Handler                            0x00000351   Thumb Code     2  startup_tm4c123.o(.text)
    GPIOC_Handler                            0x00000353   Thumb Code     2  startup_tm4c123.o(.text)
    GPIOD_Handler                            0x00000355   Thumb Code     2  startup_tm4c123.o(.text)
    GPIOE_Handler                            0x00000357   Thumb Code     2  startup_tm4c123.o(.text)
    UART0_Handler                            0x00000359   Thumb Code     2  startup_tm4c123.o(.text)
    UART1_Handler                            0x0000035b   Thumb Code     2  startup_tm4c123.o(.text)
    SSI0_Handler                             0x0000035d   Thumb Code     2  startup_tm4c123.o(.text)
    I2C0_Handler                             0x0000035f   Thumb Code     2  startup_tm4c123.o(.text)
    PMW0_FAULT_Handler                       0x00000361   Thumb Code     2  startup_tm4c123.o(.text)
    PWM0_0_Handler                           0x00000363   Thumb Code     2  startup_tm4c123.o(.text)
    PWM0_1_Handler                           0x00000365   Thumb Code     2  startup_tm4c123.o(.text)
    PWM0_2_Handler                           0x00000367   Thumb Code     2  startup_tm4c123.o(.text)
    QEI0_Handler                             0x00000369   Thumb Code     2  startup_tm4c123.o(.text)
    ADC0SS0_Handler                          0x0000036b   Thumb Code     2  startup_tm4c123.o(.text)
    ADC0SS1_Handler                          0x0000036d   Thumb Code     2  startup_tm4c123.o(.text)
    ADC0SS2_Handler                          0x0000036f   Thumb Code     2  startup_tm4c123.o(.text)
    ADC0SS3_Handler                          0x00000371   Thumb Code     2  startup_tm4c123.o(.text)
    WDT0_Handler                             0x00000373   Thumb Code     2  startup_tm4c123.o(.text)
    TIMER0A_Handler                          0x00000375   Thumb Code     2  startup_tm4c123.o(.text)
    TIMER0B_Handler                          0x00000377   Thumb Code     2  startup_tm4c123.o(.text)
    TIMER1A_Handler                          0x00000379   Thumb Code     2  startup_tm4c123.o(.text)
    TIMER1B_Handler                          0x0000037b   Thumb Code     2  startup_tm4c123.o(.text)
    TIMER2A_Handler                          0x0000037d   Thumb Code     2  startup_tm4c123.o(.text)
    TIMER2B_Handler                          0x0000037f   Thumb Code     2  startup_tm4c123.o(.text)
    COMP0_Handler                            0x00000381   Thumb Code     2  startup_tm4c123.o(.text)
    COMP1_Handler                            0x00000383   Thumb Code     2  startup_tm4c123.o(.text)
    COMP2_Handler                            0x00000385   Thumb Code     2  startup_tm4c123.o(.text)
    SYSCTL_Handler                           0x00000387   Thumb Code     2  startup_tm4c123.o(.text)
    FLASH_Handler                            0x00000389   Thumb Code     2  startup_tm4c123.o(.text)
    GPIOF_Handler                            0x0000038b   Thumb Code     2  startup_tm4c123.o(.text)
    GPIOG_Handler                            0x0000038d   Thumb Code     2  startup_tm4c123.o(.text)
    GPIOH_Handler                            0x0000038f   Thumb Code     2  startup_tm4c123.o(.text)
    UART2_Handler                            0x00000391   Thumb Code     2  startup_tm4c123.o(.text)
    SSI1_Handler                             0x00000393   Thumb Code     2  startup_tm4c123.o(.text)
    TIMER3A_Handler                          0x00000395   Thumb Code     2  startup_tm4c123.o(.text)
    TIMER3B_Handler                          0x00000397   Thumb Code     2  startup_tm4c123.o(.text)
    I2C1_Handler                             0x00000399   Thumb Code     2  startup_tm4c123.o(.text)
    QEI1_Handler                             0x0000039b   Thumb Code     2  startup_tm4c123.o(.text)
    CAN0_Handler                             0x0000039d   Thumb Code     2  startup_tm4c123.o(.text)
    CAN1_Handler                             0x0000039f   Thumb Code     2  startup_tm4c123.o(.text)
    CAN2_Handler                             0x000003a1   Thumb Code     2  startup_tm4c123.o(.text)
    HIB_Handler                              0x000003a3   Thumb Code     2  startup_tm4c123.o(.text)
    USB0_Handler                             0x000003a5   Thumb Code     2  startup_tm4c123.o(.text)
    PWM0_3_Handler                           0x000003a7   Thumb Code     2  startup_tm4c123.o(.text)
    UDMA_Handler                             0x000003a9   Thumb Code     2  startup_tm4c123.o(.text)
    UDMAERR_Handler                          0x000003ab   Thumb Code     2  startup_tm4c123.o(.text)
    ADC1SS0_Handler                          0x000003ad   Thumb Code     2  startup_tm4c123.o(.text)
    ADC1SS1_Handler                          0x000003af   Thumb Code     2  startup_tm4c123.o(.text)
    ADC1SS2_Handler                          0x000003b1   Thumb Code     2  startup_tm4c123.o(.text)
    ADC1SS3_Handler                          0x000003b3   Thumb Code     2  startup_tm4c123.o(.text)
    GPIOJ_Handler                            0x000003b5   Thumb Code     2  startup_tm4c123.o(.text)
    GPIOK_Handler                            0x000003b7   Thumb Code     2  startup_tm4c123.o(.text)
    GPIOL_Handler                            0x000003b9   Thumb Code     2  startup_tm4c123.o(.text)
    SSI2_Handler                             0x000003bb   Thumb Code     2  startup_tm4c123.o(.text)
    SSI3_Handler                             0x000003bd   Thumb Code     2  startup_tm4c123.o(.text)
    UART3_Handler                            0x000003bf   Thumb Code     2  startup_tm4c123.o(.text)
    UART4_Handler                            0x000003c1   Thumb Code     2  startup_tm4c123.o(.text)
    UART5_Handler                            0x000003c3   Thumb Code     2  startup_tm4c123.o(.text)
    UART6_Handler                            0x000003c5   Thumb Code     2  startup_tm4c123.o(.text)
    UART7_Handler                            0x000003c7   Thumb Code     2  startup_tm4c123.o(.text)
    I2C2_Handler                             0x000003c9   Thumb Code     2  startup_tm4c123.o(.text)
    I2C3_Handler                             0x000003cb   Thumb Code     2  startup_tm4c123.o(.text)
    TIMER4A_Handler                          0x000003cd   Thumb Code     2  startup_tm4c123.o(.text)
    TIMER4B_Handler                          0x000003cf   Thumb Code     2  startup_tm4c123.o(.text)
    TIMER5A_Handler                          0x000003d1   Thumb Code     2  startup_tm4c123.o(.text)
    TIMER5B_Handler                          0x000003d3   Thumb Code     2  startup_tm4c123.o(.text)
    WTIMER0A_Handler                         0x000003d5   Thumb Code     2  startup_tm4c123.o(.text)
    WTIMER0B_Handler                         0x000003d7   Thumb Code     2  startup_tm4c123.o(.text)
    WTIMER1A_Handler                         0x000003d9   Thumb Code     2  startup_tm4c123.o(.text)
    WTIMER1B_Handler                         0x000003db   Thumb Code     2  startup_tm4c123.o(.text)
    WTIMER2A_Handler                         0x000003dd   Thumb Code     2  startup_tm4c123.o(.text)
    WTIMER2B_Handler                         0x000003df   Thumb Code     2  startup_tm4c123.o(.text)
    WTIMER3A_Handler                         0x000003e1   Thumb Code     2  startup_tm4c123.o(.text)
    WTIMER3B_Handler                         0x000003e3   Thumb Code     2  startup_tm4c123.o(.text)
    WTIMER4A_Handler                         0x000003e5   Thumb Code     2  startup_tm4c123.o(.text)
    WTIMER4B_Handler                         0x000003e7   Thumb Code     2  startup_tm4c123.o(.text)
    WTIMER5A_Handler                         0x000003e9   Thumb Code     2  startup_tm4c123.o(.text)
    WTIMER5B_Handler                         0x000003eb   Thumb Code     2  startup_tm4c123.o(.text)
    FPU_Handler                              0x000003ed   Thumb Code     2  startup_tm4c123.o(.text)
    I2C4_Handler                             0x000003ef   Thumb Code     2  startup_tm4c123.o(.text)
    I2C5_Handler                             0x000003f1   Thumb Code     2  startup_tm4c123.o(.text)
    GPIOM_Handler                            0x000003f3   Thumb Code     2  startup_tm4c123.o(.text)
    GPION_Handler                            0x000003f5   Thumb Code     2  startup_tm4c123.o(.text)
    QEI2_Handler                             0x000003f7   Thumb Code     2  startup_tm4c123.o(.text)
    GPIOP0_Handler                           0x000003f9   Thumb Code     2  startup_tm4c123.o(.text)
    GPIOP1_Handler                           0x000003fb   Thumb Code     2  startup_tm4c123.o(.text)
    GPIOP2_Handler                           0x000003fd   Thumb Code     2  startup_tm4c123.o(.text)
    GPIOP3_Handler                           0x000003ff   Thumb Code     2  startup_tm4c123.o(.text)
    GPIOP4_Handler                           0x00000401   Thumb Code     2  startup_tm4c123.o(.text)
    GPIOP5_Handler                           0x00000403   Thumb Code     2  startup_tm4c123.o(.text)
    GPIOP6_Handler                           0x00000405   Thumb Code     2  startup_tm4c123.o(.text)
    GPIOP7_Handler                           0x00000407   Thumb Code     2  startup_tm4c123.o(.text)
    GPIOQ0_Handler                           0x00000409   Thumb Code     2  startup_tm4c123.o(.text)
    GPIOQ1_Handler                           0x0000040b   Thumb Code     2  startup_tm4c123.o(.text)
    GPIOQ2_Handler                           0x0000040d   Thumb Code     2  startup_tm4c123.o(.text)
    GPIOQ3_Handler                           0x0000040f   Thumb Code     2  startup_tm4c123.o(.text)
    GPIOQ4_Handler                           0x00000411   Thumb Code     2  startup_tm4c123.o(.text)
    GPIOQ5_Handler                           0x00000413   Thumb Code     2  startup_tm4c123.o(.text)
    GPIOQ6_Handler                           0x00000415   Thumb Code     2  startup_tm4c123.o(.text)
    GPIOQ7_Handler                           0x00000417   Thumb Code     2  startup_tm4c123.o(.text)
    GPIOR_Handler                            0x00000419   Thumb Code     2  startup_tm4c123.o(.text)
    GPIOS_Handler                            0x0000041b   Thumb Code     2  startup_tm4c123.o(.text)
    PMW1_0_Handler                           0x0000041d   Thumb Code     2  startup_tm4c123.o(.text)
    PWM1_1_Handler                           0x0000041f   Thumb Code     2  startup_tm4c123.o(.text)
    PWM1_2_Handler                           0x00000421   Thumb Code     2  startup_tm4c123.o(.text)
    PWM1_3_Handler                           0x00000423   Thumb Code     2  startup_tm4c123.o(.text)
    PWM1_FAULT_Handler                       0x00000425   Thumb Code     2  startup_tm4c123.o(.text)
    __user_initial_stackheap                 0x00000429   Thumb Code     0  startup_tm4c123.o(.text)
    __aeabi_memcpy                           0x00000449   Thumb Code     0  rt_memcpy_v6.o(.text)
    __rt_memcpy                              0x00000449   Thumb Code   138  rt_memcpy_v6.o(.text)
    _memcpy_lastbytes                        0x000004af   Thumb Code     0  rt_memcpy_v6.o(.text)
    __aeabi_memset4                          0x000004d3   Thumb Code    16  aeabi_memset4.o(.text)
    __aeabi_memset8                          0x000004d3   Thumb Code     0  aeabi_memset4.o(.text)
    __aeabi_memclr                           0x000004e3   Thumb Code     0  rt_memclr.o(.text)
    __rt_memclr                              0x000004e3   Thumb Code     0  rt_memclr.o(.text)
    _memset                                  0x000004e7   Thumb Code    64  rt_memclr.o(.text)
    __use_two_region_memory                  0x00000527   Thumb Code     2  heapauxi.o(.text)
    __rt_heap_escrow$2region                 0x00000529   Thumb Code     2  heapauxi.o(.text)
    __rt_heap_expand$2region                 0x0000052b   Thumb Code     2  heapauxi.o(.text)
    __aeabi_memcpy4                          0x0000052d   Thumb Code     0  rt_memcpy_w.o(.text)
    __aeabi_memcpy8                          0x0000052d   Thumb Code     0  rt_memcpy_w.o(.text)
    __rt_memcpy_w                            0x0000052d   Thumb Code   100  rt_memcpy_w.o(.text)
    _memcpy_lastbytes_aligned                0x00000575   Thumb Code     0  rt_memcpy_w.o(.text)
    __aeabi_memclr4                          0x00000591   Thumb Code     0  rt_memclr_w.o(.text)
    __aeabi_memclr8                          0x00000591   Thumb Code     0  rt_memclr_w.o(.text)
    __rt_memclr_w                            0x00000591   Thumb Code     0  rt_memclr_w.o(.text)
    _memset_w                                0x00000595   Thumb Code    74  rt_memclr_w.o(.text)
    __user_setup_stackheap                   0x000005df   Thumb Code    74  sys_stackheap_outer.o(.text)
    exit                                     0x00000629   Thumb Code    18  exit.o(.text)
    __user_libspace                          0x0000063d   Thumb Code     8  libspace.o(.text)
    __user_perproc_libspace                  0x0000063d   Thumb Code     0  libspace.o(.text)
    _fp_init                                 0x00000645   Thumb Code    22  clib_os.o(.text.$Sub$$_fp_init)
    DIO_Configure                            0x00000739   Thumb Code   440  dio.o(.text.DIO_Configure)
    DIO_Init                                 0x000008f1   Thumb Code   238  dio.o(.text.DIO_Init)
    DIO_WritePin                             0x000009e1   Thumb Code   154  dio.o(.text.DIO_WritePin)
    DisplayTask                              0x00000a7d   Thumb Code   364  lcd.o(.text.DisplayTask)
    DoorCheckTask                            0x00000be9   Thumb Code   194  door.o(.text.DoorCheckTask)
    GPIOIntClear                             0x00000cad   Thumb Code    18  gpio.o(.text.GPIOIntClear)
    GPIOIntEnable                            0x00000cc1   Thumb Code    24  gpio.o(.text.GPIOIntEnable)
    GPIOIntRegister                          0x00000cd9   Thumb Code    34  gpio.o(.text.GPIOIntRegister)
    GPIOIntStatus                            0x00000cfd   Thumb Code    44  gpio.o(.text.GPIOIntStatus)
    GPIOIntTypeSet                           0x00000d29   Thumb Code   214  gpio.o(.text.GPIOIntTypeSet)
    GearCheckTask                            0x00000e59   Thumb Code   178  gear.o(.text.GearCheckTask)
    I2C1_Init                                0x00000f0d   Thumb Code   172  lcd.o(.text.I2C1_Init)
    I2C1_Write_Multiple                      0x00000fb9   Thumb Code   264  lcd.o(.text.I2C1_Write_Multiple)
    ISRHandlers                              0x000010e5   Thumb Code   270  main.o(.text.ISRHandlers)
    IgnitionCheckTask                        0x000011f5   Thumb Code   136  ignition.o(.text.IgnitionCheckTask)
    IntEnable                                0x0000127d   Thumb Code   160  interrupt.o(.text.IntEnable)
    IntPrioritySet                           0x0000131d   Thumb Code    86  interrupt.o(.text.IntPrioritySet)
    IntRegister                              0x00001375   Thumb Code   128  interrupt.o(.text.IntRegister)
    InterruptInit                            0x000013f5   Thumb Code   146  main.o(.text.InterruptInit)
    LCD_command                              0x00001489   Thumb Code   102  lcd.o(.text.LCD_command)
    LCD_data                                 0x000014f1   Thumb Code   102  lcd.o(.text.LCD_data)
    LCD_init                                 0x00001559   Thumb Code    84  lcd.o(.text.LCD_init)
    LCD_print_int                            0x000015ad   Thumb Code   228  lcd.o(.text.LCD_print_int)
    LCD_set_cursor                           0x00001691   Thumb Code    42  lcd.o(.text.LCD_set_cursor)
    LCD_write_string                         0x000016bd   Thumb Code    34  lcd.o(.text.LCD_write_string)
    PendSV_Handler                           0x000016e1   Thumb Code   100  port.o(.text.PendSV_Handler)
    Potentiometer_GetSpeed                   0x00001745   Thumb Code    64  potentiometer.o(.text.Potentiometer_GetSpeed)
    Potentiometer_Init                       0x00001785   Thumb Code     8  potentiometer.o(.text.Potentiometer_Init)
    RGB_LED_Green                            0x0000178d   Thumb Code    14  buzzer.o(.text.RGB_LED_Green)
    RGB_LED_Red                              0x0000179d   Thumb Code    14  buzzer.o(.text.RGB_LED_Red)
    RGB_LED_Set                              0x000017ad   Thumb Code   112  buzzer.o(.text.RGB_LED_Set)
    RGB_LED_Yellow                           0x0000181d   Thumb Code    14  buzzer.o(.text.RGB_LED_Yellow)
    SVC_Handler                              0x00001831   Thumb Code    36  port.o(.text.SVC_Handler)
    SysTick_Handler                          0x00001855   Thumb Code    30  cmsis_os2.o(.text.SysTick_Handler)
    SystemInit                               0x00001875   Thumb Code   268  system_tm4c123.o(.text.SystemInit)
    Ultrasonic_GetDistance                   0x000019dd   Thumb Code    80  ultrasonic.o(.text.Ultrasonic_GetDistance)
    Ultrasonic_Init                          0x00001a2d   Thumb Code    12  ultrasonic.o(.text.Ultrasonic_Init)
    _mutex_acquire                           0x00001abd   Thumb Code    40  clib_os.o(.text._mutex_acquire)
    _mutex_free                              0x00001ae5   Thumb Code    84  clib_os.o(.text._mutex_free)
    _mutex_initialize                        0x00001b39   Thumb Code   168  clib_os.o(.text._mutex_initialize)
    _mutex_release                           0x00001be1   Thumb Code    42  clib_os.o(.text._mutex_release)
    _platform_post_stackheap_init            0x00001c0d   Thumb Code     2  clib_os.o(.text._platform_post_stackheap_init)
    _sys_exit                                0x00001c11   Thumb Code    10  retarget.o(.text._sys_exit)
    delay_ms                                 0x00001c41   Thumb Code    62  lcd.o(.text.delay_ms)
    main                                     0x00001d31   Thumb Code   638  main.o(.text.main)
    pvPortMalloc                             0x00002fa1   Thumb Code   438  heap_4.o(.text.pvPortMalloc)
    pvTaskIncrementMutexHeldCount            0x00003159   Thumb Code    36  tasks.o(.text.pvTaskIncrementMutexHeldCount)
    pxPortInitialiseStack                    0x0000317d   Thumb Code    94  port.o(.text.pxPortInitialiseStack)
    uxListRemove                             0x000031dd   Thumb Code    72  list.o(.text.uxListRemove)
    uxTaskGetNumberOfTasks                   0x00003225   Thumb Code    12  tasks.o(.text.uxTaskGetNumberOfTasks)
    vApplicationGetIdleTaskMemory            0x00003231   Thumb Code    42  tasks.o(.text.vApplicationGetIdleTaskMemory)
    vApplicationGetTimerTaskMemory           0x0000325d   Thumb Code    42  tasks.o(.text.vApplicationGetTimerTaskMemory)
    vBuzzerTask                              0x00003289   Thumb Code   356  buzzer.o(.text.vBuzzerTask)
    vListInitialise                          0x000033ed   Thumb Code    46  list.o(.text.vListInitialise)
    vListInitialiseItem                      0x0000341d   Thumb Code    14  list.o(.text.vListInitialiseItem)
    vListInsert                              0x0000342d   Thumb Code   106  list.o(.text.vListInsert)
    vPortEnterCritical                       0x000034ad   Thumb Code    48  port.o(.text.vPortEnterCritical)
    vPortExitCritical                        0x000034dd   Thumb Code    38  port.o(.text.vPortExitCritical)
    vPortFree                                0x00003505   Thumb Code   118  heap_4.o(.text.vPortFree)
    vPortSetupTimerInterrupt                 0x0000357d   Thumb Code    68  port.o(.text.vPortSetupTimerInterrupt)
    vQueueDelete                             0x000035c1   Thumb Code    34  queue.o(.text.vQueueDelete)
    vQueueWaitForMessageRestricted           0x000035e5   Thumb Code   100  queue.o(.text.vQueueWaitForMessageRestricted)
    vSpeedTask                               0x00003649   Thumb Code    66  potentiometer.o(.text.vSpeedTask)
    vTaskDelay                               0x0000368d   Thumb Code    74  tasks.o(.text.vTaskDelay)
    vTaskInternalSetTimeOutState             0x000036d9   Thumb Code    36  tasks.o(.text.vTaskInternalSetTimeOutState)
    vTaskMissedYield                         0x000036fd   Thumb Code    14  tasks.o(.text.vTaskMissedYield)
    vTaskPlaceOnEventList                    0x0000370d   Thumb Code    38  tasks.o(.text.vTaskPlaceOnEventList)
    vTaskPlaceOnEventListRestricted          0x00003735   Thumb Code   100  tasks.o(.text.vTaskPlaceOnEventListRestricted)
    vTaskPriorityDisinheritAfterTimeout      0x00003799   Thumb Code   312  tasks.o(.text.vTaskPriorityDisinheritAfterTimeout)
    vTaskStartScheduler                      0x000038d1   Thumb Code   114  tasks.o(.text.vTaskStartScheduler)
    vTaskSuspendAll                          0x00003945   Thumb Code    16  tasks.o(.text.vTaskSuspendAll)
    vTaskSwitchContext                       0x00003955   Thumb Code   186  tasks.o(.text.vTaskSwitchContext)
    vUltrasonicTask                          0x00003a11   Thumb Code   194  ultrasonic.o(.text.vUltrasonicTask)
    xPortStartScheduler                      0x00003ad5   Thumb Code   108  port.o(.text.xPortStartScheduler)
    xPortSysTickHandler                      0x00003b41   Thumb Code    62  port.o(.text.xPortSysTickHandler)
    xQueueCreateMutex                        0x00003b81   Thumb Code    38  queue.o(.text.xQueueCreateMutex)
    xQueueCreateMutexStatic                  0x00003ba9   Thumb Code    50  queue.o(.text.xQueueCreateMutexStatic)
    xQueueGenericCreate                      0x00003bdd   Thumb Code   134  queue.o(.text.xQueueGenericCreate)
    xQueueGenericCreateStatic                0x00003c65   Thumb Code   108  queue.o(.text.xQueueGenericCreateStatic)
    xQueueGenericReset                       0x00003cd1   Thumb Code   208  queue.o(.text.xQueueGenericReset)
    xQueueGenericSend                        0x00003da1   Thumb Code   362  queue.o(.text.xQueueGenericSend)
    xQueueGiveFromISR                        0x00003f0d   Thumb Code   198  queue.o(.text.xQueueGiveFromISR)
    xQueueReceive                            0x00003fd5   Thumb Code   338  queue.o(.text.xQueueReceive)
    xQueueSemaphoreTake                      0x00004129   Thumb Code   414  queue.o(.text.xQueueSemaphoreTake)
    xTaskCheckForTimeOut                     0x000042c9   Thumb Code   196  tasks.o(.text.xTaskCheckForTimeOut)
    xTaskCreate                              0x0000438d   Thumb Code    82  tasks.o(.text.xTaskCreate)
    xTaskCreateStatic                        0x000043e1   Thumb Code    92  tasks.o(.text.xTaskCreateStatic)
    xTaskGetSchedulerState                   0x0000443d   Thumb Code    56  tasks.o(.text.xTaskGetSchedulerState)
    xTaskGetTickCount                        0x00004475   Thumb Code    20  tasks.o(.text.xTaskGetTickCount)
    xTaskIncrementTick                       0x00004489   Thumb Code   606  tasks.o(.text.xTaskIncrementTick)
    xTaskPriorityDisinherit                  0x000046e9   Thumb Code   242  tasks.o(.text.xTaskPriorityDisinherit)
    xTaskPriorityInherit                     0x000047dd   Thumb Code   348  tasks.o(.text.xTaskPriorityInherit)
    xTaskRemoveFromEventList                 0x00004939   Thumb Code   404  tasks.o(.text.xTaskRemoveFromEventList)
    xTaskResumeAll                           0x00004acd   Thumb Code   574  tasks.o(.text.xTaskResumeAll)
    xTimerCreateTimerTask                    0x00004d0d   Thumb Code   120  timers.o(.text.xTimerCreateTimerTask)
    $Super$$_fp_init                         0x00004d85   Thumb Code    26  fpinit.o(x$fpl$fpinit)
    __fplib_config_fpu_vfp                   0x00004d9d   Thumb Code     0  fpinit.o(x$fpl$fpinit)
    __fplib_config_pureend_doubles           0x00004d9d   Thumb Code     0  fpinit.o(x$fpl$fpinit)
    Region$$Table$$Base                      0x00005064   Number         0  anon$$obj.o(Region$$Table)
    Region$$Table$$Limit                     0x00005084   Number         0  anon$$obj.o(Region$$Table)
    SystemCoreClock                          0x20000000   Data           4  system_tm4c123.o(.data.SystemCoreClock)
    __libspace_start                         0x20000670   Data          96  libspace.o(.bss)
    UltrasonicHandle                         0x200006d0   Data           4  ultrasonic.o(.bss.UltrasonicHandle)
    __temporary_stack_top$libspace           0x200006d0   Data           0  libspace.o(.bss)
    distance                                 0x20000878   Data           4  ultrasonic.o(.bss.distance)
    door_state                               0x2000087c   Data           1  door.o(.bss.door_state)
    gear_state                               0x2000087d   Data           1  gear.o(.bss.gear_state)
    ignition_state                           0x2000087e   Data           1  ignition.o(.bss.ignition_state)
    latest_distance                          0x20000880   Data           4  ultrasonic.o(.bss.latest_distance)
    lock_state                               0x20000884   Data           1  door.o(.bss.lock_state)
    pxCurrentTCB                             0x2000092c   Data           4  tasks.o(.bss.pxCurrentTCB)
    speed                                    0x20000da4   Data           4  potentiometer.o(.bss.speed)
    xBuzzerSemaphore                         0x200031dc   Data           4  buzzer.o(.bss.xBuzzerSemaphore)
    xDataMutex                               0x200031e0   Data           4  main.o(.bss.xDataMutex)
    xDoorSemaphore                           0x2000320c   Data           4  door.o(.bss.xDoorSemaphore)
    xGearSemaphore                           0x20003214   Data           4  gear.o(.bss.xGearSemaphore)
    xIgnitionSemaphore                       0x2000321c   Data           4  ignition.o(.bss.xIgnitionSemaphore)
    xLockSemaphore                           0x20003220   Data           4  door.o(.bss.xLockSemaphore)
    xUltrasonicSemaphore                     0x20003290   Data           4  ultrasonic.o(.bss.xUltrasonicSemaphore)



==============================================================================

Memory Map of the image

  Image Entry point : 0x00000335

  Load Region LR_1 (Base: 0x00000000, Size: 0x00005a6c, Max: 0xffffffff, ABSOLUTE, COMPRESSED[0x00005418])

    Execution Region ER_RO (Exec base: 0x00000000, Load base: 0x00000000, Size: 0x00005084, Max: 0xffffffff, ABSOLUTE)

    Exec Addr    Load Addr    Size         Type   Attr      Idx    E Section Name        Object

    0x00000000   0x00000000   0x0000026c   Data   RO          645    RESET               startup_tm4c123.o
    0x0000026c   0x0000026c   0x00000008   Code   RO         1153  * !!!main             c_w.l(__main.o)
    0x00000274   0x00000274   0x00000034   Code   RO         1490    !!!scatter          c_w.l(__scatter.o)
    0x000002a8   0x000002a8   0x0000003a   Code   RO         1488    !!dczerorl          c_w.l(__dczerorl.o)
    0x000002e2   0x000002e2   0x00000002   PAD
    0x000002e4   0x000002e4   0x0000001c   Code   RO         1492    !!handler_zi        c_w.l(__scatter_zi.o)
    0x00000300   0x00000300   0x00000002   Code   RO         1344    .ARM.Collect$$libinit$$00000000  c_w.l(libinit.o)
    0x00000302   0x00000302   0x00000004   Code   RO         1360    .ARM.Collect$$libinit$$00000001  c_w.l(libinit2.o)
    0x00000306   0x00000306   0x00000000   Code   RO         1363    .ARM.Collect$$libinit$$00000004  c_w.l(libinit2.o)
    0x00000306   0x00000306   0x00000000   Code   RO         1365    .ARM.Collect$$libinit$$00000006  c_w.l(libinit2.o)
    0x00000306   0x00000306   0x00000000   Code   RO         1368    .ARM.Collect$$libinit$$0000000C  c_w.l(libinit2.o)
    0x00000306   0x00000306   0x00000000   Code   RO         1370    .ARM.Collect$$libinit$$0000000E  c_w.l(libinit2.o)
    0x00000306   0x00000306   0x00000000   Code   RO         1372    .ARM.Collect$$libinit$$00000010  c_w.l(libinit2.o)
    0x00000306   0x00000306   0x00000000   Code   RO         1375    .ARM.Collect$$libinit$$00000013  c_w.l(libinit2.o)
    0x00000306   0x00000306   0x00000000   Code   RO         1377    .ARM.Collect$$libinit$$00000015  c_w.l(libinit2.o)
    0x00000306   0x00000306   0x00000000   Code   RO         1379    .ARM.Collect$$libinit$$00000017  c_w.l(libinit2.o)
    0x00000306   0x00000306   0x00000000   Code   RO         1381    .ARM.Collect$$libinit$$00000019  c_w.l(libinit2.o)
    0x00000306   0x00000306   0x00000000   Code   RO         1383    .ARM.Collect$$libinit$$0000001B  c_w.l(libinit2.o)
    0x00000306   0x00000306   0x00000000   Code   RO         1385    .ARM.Collect$$libinit$$0000001D  c_w.l(libinit2.o)
    0x00000306   0x00000306   0x00000000   Code   RO         1387    .ARM.Collect$$libinit$$0000001F  c_w.l(libinit2.o)
    0x00000306   0x00000306   0x00000000   Code   RO         1389    .ARM.Collect$$libinit$$00000021  c_w.l(libinit2.o)
    0x00000306   0x00000306   0x00000000   Code   RO         1391    .ARM.Collect$$libinit$$00000023  c_w.l(libinit2.o)
    0x00000306   0x00000306   0x00000000   Code   RO         1393    .ARM.Collect$$libinit$$00000025  c_w.l(libinit2.o)
    0x00000306   0x00000306   0x00000000   Code   RO         1395    .ARM.Collect$$libinit$$00000027  c_w.l(libinit2.o)
    0x00000306   0x00000306   0x00000000   Code   RO         1399    .ARM.Collect$$libinit$$0000002E  c_w.l(libinit2.o)
    0x00000306   0x00000306   0x00000000   Code   RO         1401    .ARM.Collect$$libinit$$00000030  c_w.l(libinit2.o)
    0x00000306   0x00000306   0x00000000   Code   RO         1403    .ARM.Collect$$libinit$$00000032  c_w.l(libinit2.o)
    0x00000306   0x00000306   0x00000000   Code   RO         1405    .ARM.Collect$$libinit$$00000034  c_w.l(libinit2.o)
    0x00000306   0x00000306   0x00000002   Code   RO         1406    .ARM.Collect$$libinit$$00000035  c_w.l(libinit2.o)
    0x00000308   0x00000308   0x00000002   Code   RO         1424    .ARM.Collect$$libshutdown$$00000000  c_w.l(libshutdown.o)
    0x0000030a   0x0000030a   0x00000000   Code   RO         1436    .ARM.Collect$$libshutdown$$00000002  c_w.l(libshutdown2.o)
    0x0000030a   0x0000030a   0x00000000   Code   RO         1438    .ARM.Collect$$libshutdown$$00000004  c_w.l(libshutdown2.o)
    0x0000030a   0x0000030a   0x00000000   Code   RO         1441    .ARM.Collect$$libshutdown$$00000007  c_w.l(libshutdown2.o)
    0x0000030a   0x0000030a   0x00000000   Code   RO         1444    .ARM.Collect$$libshutdown$$0000000A  c_w.l(libshutdown2.o)
    0x0000030a   0x0000030a   0x00000000   Code   RO         1446    .ARM.Collect$$libshutdown$$0000000C  c_w.l(libshutdown2.o)
    0x0000030a   0x0000030a   0x00000000   Code   RO         1449    .ARM.Collect$$libshutdown$$0000000F  c_w.l(libshutdown2.o)
    0x0000030a   0x0000030a   0x00000002   Code   RO         1450    .ARM.Collect$$libshutdown$$00000010  c_w.l(libshutdown2.o)
    0x0000030c   0x0000030c   0x00000000   Code   RO         1157    .ARM.Collect$$rtentry$$00000000  c_w.l(__rtentry.o)
    0x0000030c   0x0000030c   0x00000000   Code   RO         1262    .ARM.Collect$$rtentry$$00000002  c_w.l(__rtentry2.o)
    0x0000030c   0x0000030c   0x00000006   Code   RO         1274    .ARM.Collect$$rtentry$$00000004  c_w.l(__rtentry4.o)
    0x00000312   0x00000312   0x00000008   Code   RO         1263    .ARM.Collect$$rtentry$$00000008  c_w.l(__rtentry2.o)
    0x0000031a   0x0000031a   0x00000004   Code   RO         1265    .ARM.Collect$$rtentry$$0000000A  c_w.l(__rtentry2.o)
    0x0000031e   0x0000031e   0x00000000   Code   RO         1267    .ARM.Collect$$rtentry$$0000000C  c_w.l(__rtentry2.o)
    0x0000031e   0x0000031e   0x00000008   Code   RO         1268    .ARM.Collect$$rtentry$$0000000D  c_w.l(__rtentry2.o)
    0x00000326   0x00000326   0x00000002   Code   RO         1353    .ARM.Collect$$rtexit$$00000000  c_w.l(rtexit.o)
    0x00000328   0x00000328   0x00000000   Code   RO         1408    .ARM.Collect$$rtexit$$00000002  c_w.l(rtexit2.o)
    0x00000328   0x00000328   0x00000004   Code   RO         1409    .ARM.Collect$$rtexit$$00000003  c_w.l(rtexit2.o)
    0x0000032c   0x0000032c   0x00000006   Code   RO         1410    .ARM.Collect$$rtexit$$00000004  c_w.l(rtexit2.o)
    0x00000332   0x00000332   0x00000002   PAD
    0x00000334   0x00000334   0x00000114   Code   RO          646  * .text               startup_tm4c123.o
    0x00000448   0x00000448   0x0000008a   Code   RO         1143    .text               c_w.l(rt_memcpy_v6.o)
    0x000004d2   0x000004d2   0x00000010   Code   RO         1145    .text               c_w.l(aeabi_memset4.o)
    0x000004e2   0x000004e2   0x00000044   Code   RO         1147    .text               c_w.l(rt_memclr.o)
    0x00000526   0x00000526   0x00000006   Code   RO         1151    .text               c_w.l(heapauxi.o)
    0x0000052c   0x0000052c   0x00000064   Code   RO         1249    .text               c_w.l(rt_memcpy_w.o)
    0x00000590   0x00000590   0x0000004e   Code   RO         1251    .text               c_w.l(rt_memclr_w.o)
    0x000005de   0x000005de   0x0000004a   Code   RO         1296    .text               c_w.l(sys_stackheap_outer.o)
    0x00000628   0x00000628   0x00000012   Code   RO         1339    .text               c_w.l(exit.o)
    0x0000063a   0x0000063a   0x00000002   PAD
    0x0000063c   0x0000063c   0x00000008   Code   RO         1350    .text               c_w.l(libspace.o)
    0x00000644   0x00000644   0x00000016   Code   RO          394    .text.$Sub$$_fp_init  clib_os.o
    0x0000065a   0x0000065a   0x00000002   PAD
    0x0000065c   0x0000065c   0x00000092   Code   RO          111    .text.ADC0_Init     potentiometer.o
    0x000006ee   0x000006ee   0x00000002   PAD
    0x000006f0   0x000006f0   0x00000046   Code   RO          115    .text.ADC0_Read     potentiometer.o
    0x00000736   0x00000736   0x00000002   PAD
    0x00000738   0x00000738   0x000001b8   Code   RO           96    .text.DIO_Configure  dio.o
    0x000008f0   0x000008f0   0x000000ee   Code   RO           94    .text.DIO_Init      dio.o
    0x000009de   0x000009de   0x00000002   PAD
    0x000009e0   0x000009e0   0x0000009a   Code   RO           98    .text.DIO_WritePin  dio.o
    0x00000a7a   0x00000a7a   0x00000002   PAD
    0x00000a7c   0x00000a7c   0x0000016c   Code   RO           56    .text.DisplayTask   lcd.o
    0x00000be8   0x00000be8   0x000000c2   Code   RO          202    .text.DoorCheckTask  door.o
    0x00000caa   0x00000caa   0x00000002   PAD
    0x00000cac   0x00000cac   0x00000012   Code   RO          235    .text.GPIOIntClear  gpio.o
    0x00000cbe   0x00000cbe   0x00000002   PAD
    0x00000cc0   0x00000cc0   0x00000018   Code   RO          229    .text.GPIOIntEnable  gpio.o
    0x00000cd8   0x00000cd8   0x00000022   Code   RO          237    .text.GPIOIntRegister  gpio.o
    0x00000cfa   0x00000cfa   0x00000002   PAD
    0x00000cfc   0x00000cfc   0x0000002c   Code   RO          233    .text.GPIOIntStatus  gpio.o
    0x00000d28   0x00000d28   0x000000d6   Code   RO          221    .text.GPIOIntTypeSet  gpio.o
    0x00000dfe   0x00000dfe   0x00000002   PAD
    0x00000e00   0x00000e00   0x00000058   Code   RO          160    .text.GPIO_Init     ultrasonic.o
    0x00000e58   0x00000e58   0x000000b2   Code   RO          143    .text.GearCheckTask  gear.o
    0x00000f0a   0x00000f0a   0x00000002   PAD
    0x00000f0c   0x00000f0c   0x000000ac   Code   RO           72    .text.I2C1_Init     lcd.o
    0x00000fb8   0x00000fb8   0x00000108   Code   RO           74    .text.I2C1_Write_Multiple  lcd.o
    0x000010c0   0x000010c0   0x00000024   Code   RO           76    .text.I2C_wait_till_done  lcd.o
    0x000010e4   0x000010e4   0x0000010e   Code   RO           27    .text.ISRHandlers   main.o
    0x000011f2   0x000011f2   0x00000002   PAD
    0x000011f4   0x000011f4   0x00000088   Code   RO          130    .text.IgnitionCheckTask  ignition.o
    0x0000127c   0x0000127c   0x000000a0   Code   RO          343    .text.IntEnable     interrupt.o
    0x0000131c   0x0000131c   0x00000056   Code   RO          339    .text.IntPrioritySet  interrupt.o
    0x00001372   0x00001372   0x00000002   PAD
    0x00001374   0x00001374   0x00000080   Code   RO          329    .text.IntRegister   interrupt.o
    0x000013f4   0x000013f4   0x00000092   Code   RO           25    .text.InterruptInit  main.o
    0x00001486   0x00001486   0x00000002   PAD
    0x00001488   0x00001488   0x00000066   Code   RO           58    .text.LCD_command   lcd.o
    0x000014ee   0x000014ee   0x00000002   PAD
    0x000014f0   0x000014f0   0x00000066   Code   RO           80    .text.LCD_data      lcd.o
    0x00001556   0x00001556   0x00000002   PAD
    0x00001558   0x00001558   0x00000054   Code   RO           82    .text.LCD_init      lcd.o
    0x000015ac   0x000015ac   0x000000e4   Code   RO           64    .text.LCD_print_int  lcd.o
    0x00001690   0x00001690   0x0000002a   Code   RO           60    .text.LCD_set_cursor  lcd.o
    0x000016ba   0x000016ba   0x00000002   PAD
    0x000016bc   0x000016bc   0x00000022   Code   RO           62    .text.LCD_write_string  lcd.o
    0x000016de   0x000016de   0x00000002   PAD
    0x000016e0   0x000016e0   0x00000064   Code   RO          744    .text.PendSV_Handler  port.o
    0x00001744   0x00001744   0x00000040   Code   RO          113    .text.Potentiometer_GetSpeed  potentiometer.o
    0x00001784   0x00001784   0x00000008   Code   RO          109    .text.Potentiometer_Init  potentiometer.o
    0x0000178c   0x0000178c   0x0000000e   Code   RO          187    .text.RGB_LED_Green  buzzer.o
    0x0000179a   0x0000179a   0x00000002   PAD
    0x0000179c   0x0000179c   0x0000000e   Code   RO          183    .text.RGB_LED_Red   buzzer.o
    0x000017aa   0x000017aa   0x00000002   PAD
    0x000017ac   0x000017ac   0x00000070   Code   RO          191    .text.RGB_LED_Set   buzzer.o
    0x0000181c   0x0000181c   0x0000000e   Code   RO          185    .text.RGB_LED_Yellow  buzzer.o
    0x0000182a   0x0000182a   0x00000006   PAD
    0x00001830   0x00001830   0x00000024   Code   RO          728    .text.SVC_Handler   port.o
    0x00001854   0x00001854   0x0000001e   Code   RO          421    .text.SysTick_Handler  cmsis_os2.o
    0x00001872   0x00001872   0x00000002   PAD
    0x00001874   0x00001874   0x0000010c   Code   RO          657    .text.SystemInit    system_tm4c123.o
    0x00001980   0x00001980   0x0000005a   Code   RO          162    .text.Timer1A_Init  ultrasonic.o
    0x000019da   0x000019da   0x00000002   PAD
    0x000019dc   0x000019dc   0x00000050   Code   RO          156    .text.Ultrasonic_GetDistance  ultrasonic.o
    0x00001a2c   0x00001a2c   0x0000000c   Code   RO          158    .text.Ultrasonic_Init  ultrasonic.o
    0x00001a38   0x00001a38   0x00000084   Code   RO          239    .text._GPIOIntNumberGet  gpio.o
    0x00001abc   0x00001abc   0x00000028   Code   RO          402    .text._mutex_acquire  clib_os.o
    0x00001ae4   0x00001ae4   0x00000054   Code   RO          408    .text._mutex_free   clib_os.o
    0x00001b38   0x00001b38   0x000000a8   Code   RO          400    .text._mutex_initialize  clib_os.o
    0x00001be0   0x00001be0   0x0000002a   Code   RO          406    .text._mutex_release  clib_os.o
    0x00001c0a   0x00001c0a   0x00000002   PAD
    0x00001c0c   0x00001c0c   0x00000002   Code   RO          392    .text._platform_post_stackheap_init  clib_os.o
    0x00001c0e   0x00001c0e   0x00000002   PAD
    0x00001c10   0x00001c10   0x0000000a   Code   RO           47    .text._sys_exit     retarget.o
    0x00001c1a   0x00001c1a   0x00000002   PAD
    0x00001c1c   0x00001c1c   0x00000024   Code   RO          166    .text.delayUs       ultrasonic.o
    0x00001c40   0x00001c40   0x0000003e   Code   RO           68    .text.delay_ms      lcd.o
    0x00001c7e   0x00001c7e   0x00000002   PAD
    0x00001c80   0x00001c80   0x00000090   Code   RO          164    .text.get_pulse_duration  ultrasonic.o
    0x00001d10   0x00001d10   0x00000020   Code   RO          404    .text.is_thread_mode  clib_os.o
    0x00001d30   0x00001d30   0x0000027e   Code   RO           29    .text.main          main.o
    0x00001fae   0x00001fae   0x00000002   PAD
    0x00001fb0   0x00001fb0   0x00000020   Code   RO          398    .text.os_kernel_is_active  clib_os.o
    0x00001fd0   0x00001fd0   0x0000010e   Code   RO          897    .text.prvAddCurrentTaskToDelayedList  tasks.o
    0x000020de   0x000020de   0x00000002   PAD
    0x000020e0   0x000020e0   0x00000170   Code   RO          881    .text.prvAddNewTaskToReadyList  tasks.o
    0x00002250   0x00002250   0x0000007e   Code   RO         1059    .text.prvCheckForValidListAndQueue  timers.o
    0x000022ce   0x000022ce   0x00000002   PAD
    0x000022d0   0x000022d0   0x0000005a   Code   RO          931    .text.prvCheckTasksWaitingTermination  tasks.o
    0x0000232a   0x0000232a   0x00000002   PAD
    0x0000232c   0x0000232c   0x00000042   Code   RO          834    .text.prvCopyDataFromQueue  queue.o
    0x0000236e   0x0000236e   0x00000002   PAD
    0x00002370   0x00002370   0x000000cc   Code   RO          822    .text.prvCopyDataToQueue  queue.o
    0x0000243c   0x0000243c   0x000000c8   Code   RO          927    .text.prvCreateIdleTasks  tasks.o
    0x00002504   0x00002504   0x00000078   Code   RO          879    .text.prvCreateStaticTask  tasks.o
    0x0000257c   0x0000257c   0x0000008e   Code   RO          885    .text.prvCreateTask  tasks.o
    0x0000260a   0x0000260a   0x00000002   PAD
    0x0000260c   0x0000260c   0x0000003c   Code   RO          891    .text.prvDeleteTCB  tasks.o
    0x00002648   0x00002648   0x00000026   Code   RO          838    .text.prvGetDisinheritPriorityAfterTimeout  queue.o
    0x0000266e   0x0000266e   0x00000002   PAD
    0x00002670   0x00002670   0x00000040   Code   RO         1105    .text.prvGetNextExpireTime  timers.o
    0x000026b0   0x000026b0   0x000000aa   Code   RO          758    .text.prvHeapInit   heap_4.o
    0x0000275a   0x0000275a   0x00000002   PAD
    0x0000275c   0x0000275c   0x00000038   Code   RO         1021    .text.prvIdleTask   tasks.o
    0x00002794   0x00002794   0x0000002c   Code   RO          802    .text.prvInitialiseMutex  queue.o
    0x000027c0   0x000027c0   0x00000048   Code   RO          794    .text.prvInitialiseNewQueue  queue.o
    0x00002808   0x00002808   0x000000e6   Code   RO         1017    .text.prvInitialiseNewTask  tasks.o
    0x000028ee   0x000028ee   0x00000002   PAD
    0x000028f0   0x000028f0   0x0000008e   Code   RO         1019    .text.prvInitialiseTaskLists  tasks.o
    0x0000297e   0x0000297e   0x00000002   PAD
    0x00002980   0x00002980   0x000000d8   Code   RO          762    .text.prvInsertBlockIntoFreeList  heap_4.o
    0x00002a58   0x00002a58   0x00000086   Code   RO         1119    .text.prvInsertTimerInActiveList  timers.o
    0x00002ade   0x00002ade   0x00000002   PAD
    0x00002ae0   0x00002ae0   0x00000028   Code   RO          836    .text.prvIsQueueEmpty  queue.o
    0x00002b08   0x00002b08   0x0000002e   Code   RO          824    .text.prvIsQueueFull  queue.o
    0x00002b36   0x00002b36   0x00000002   PAD
    0x00002b38   0x00002b38   0x00000028   Code   RO          736    .text.prvPortStartFirstTask  port.o
    0x00002b60   0x00002b60   0x00000054   Code   RO         1113    .text.prvProcessExpiredTimer  timers.o
    0x00002bb4   0x00002bb4   0x0000014e   Code   RO         1109    .text.prvProcessReceivedCommands  timers.o
    0x00002d02   0x00002d02   0x00000002   PAD
    0x00002d04   0x00002d04   0x0000009a   Code   RO         1107    .text.prvProcessTimerOrBlockTask  timers.o
    0x00002d9e   0x00002d9e   0x00000002   PAD
    0x00002da0   0x00002da0   0x00000034   Code   RO         1117    .text.prvReloadTimer  timers.o
    0x00002dd4   0x00002dd4   0x0000003c   Code   RO          889    .text.prvResetNextTaskUnblockTime  tasks.o
    0x00002e10   0x00002e10   0x00000044   Code   RO         1111    .text.prvSampleTimeNow  timers.o
    0x00002e54   0x00002e54   0x00000052   Code   RO         1115    .text.prvSwitchTimerLists  timers.o
    0x00002ea6   0x00002ea6   0x00000002   PAD
    0x00002ea8   0x00002ea8   0x00000026   Code   RO          726    .text.prvTaskExitError  port.o
    0x00002ece   0x00002ece   0x00000002   PAD
    0x00002ed0   0x00002ed0   0x0000001e   Code   RO         1061    .text.prvTimerTask  timers.o
    0x00002eee   0x00002eee   0x00000002   PAD
    0x00002ef0   0x00002ef0   0x000000ae   Code   RO          826    .text.prvUnlockQueue  queue.o
    0x00002f9e   0x00002f9e   0x00000002   PAD
    0x00002fa0   0x00002fa0   0x000001b6   Code   RO          756    .text.pvPortMalloc  heap_4.o
    0x00003156   0x00003156   0x00000002   PAD
    0x00003158   0x00003158   0x00000024   Code   RO          995    .text.pvTaskIncrementMutexHeldCount  tasks.o
    0x0000317c   0x0000317c   0x0000005e   Code   RO          724    .text.pxPortInitialiseStack  port.o
    0x000031da   0x000031da   0x00000002   PAD
    0x000031dc   0x000031dc   0x00000048   Code   RO          715    .text.uxListRemove  list.o
    0x00003224   0x00003224   0x0000000c   Code   RO          939    .text.uxTaskGetNumberOfTasks  tasks.o
    0x00003230   0x00003230   0x0000002a   Code   RO         1011    .text.vApplicationGetIdleTaskMemory  tasks.o
    0x0000325a   0x0000325a   0x00000002   PAD
    0x0000325c   0x0000325c   0x0000002a   Code   RO         1013    .text.vApplicationGetTimerTaskMemory  tasks.o
    0x00003286   0x00003286   0x00000002   PAD
    0x00003288   0x00003288   0x00000164   Code   RO          181    .text.vBuzzerTask   buzzer.o
    0x000033ec   0x000033ec   0x0000002e   Code   RO          707    .text.vListInitialise  list.o
    0x0000341a   0x0000341a   0x00000002   PAD
    0x0000341c   0x0000341c   0x0000000e   Code   RO          709    .text.vListInitialiseItem  list.o
    0x0000342a   0x0000342a   0x00000002   PAD
    0x0000342c   0x0000342c   0x0000006a   Code   RO          713    .text.vListInsert   list.o
    0x00003496   0x00003496   0x00000002   PAD
    0x00003498   0x00003498   0x00000014   Code   RO          734    .text.vPortEnableVFP  port.o
    0x000034ac   0x000034ac   0x00000030   Code   RO          740    .text.vPortEnterCritical  port.o
    0x000034dc   0x000034dc   0x00000026   Code   RO          742    .text.vPortExitCritical  port.o
    0x00003502   0x00003502   0x00000002   PAD
    0x00003504   0x00003504   0x00000076   Code   RO          760    .text.vPortFree     heap_4.o
    0x0000357a   0x0000357a   0x00000002   PAD
    0x0000357c   0x0000357c   0x00000044   Code   RO          732    .text.vPortSetupTimerInterrupt  port.o
    0x000035c0   0x000035c0   0x00000022   Code   RO          852    .text.vQueueDelete  queue.o
    0x000035e2   0x000035e2   0x00000002   PAD
    0x000035e4   0x000035e4   0x00000064   Code   RO          868    .text.vQueueWaitForMessageRestricted  queue.o
    0x00003648   0x00003648   0x00000042   Code   RO          117    .text.vSpeedTask    potentiometer.o
    0x0000368a   0x0000368a   0x00000002   PAD
    0x0000368c   0x0000368c   0x0000004a   Code   RO          901    .text.vTaskDelay    tasks.o
    0x000036d6   0x000036d6   0x00000002   PAD
    0x000036d8   0x000036d8   0x00000024   Code   RO          965    .text.vTaskInternalSetTimeOutState  tasks.o
    0x000036fc   0x000036fc   0x0000000e   Code   RO          969    .text.vTaskMissedYield  tasks.o
    0x0000370a   0x0000370a   0x00000002   PAD
    0x0000370c   0x0000370c   0x00000026   Code   RO          953    .text.vTaskPlaceOnEventList  tasks.o
    0x00003732   0x00003732   0x00000002   PAD
    0x00003734   0x00003734   0x00000064   Code   RO          957    .text.vTaskPlaceOnEventListRestricted  tasks.o
    0x00003798   0x00003798   0x00000138   Code   RO          991    .text.vTaskPriorityDisinheritAfterTimeout  tasks.o
    0x000038d0   0x000038d0   0x00000072   Code   RO          925    .text.vTaskStartScheduler  tasks.o
    0x00003942   0x00003942   0x00000002   PAD
    0x00003944   0x00003944   0x00000010   Code   RO          895    .text.vTaskSuspendAll  tasks.o
    0x00003954   0x00003954   0x000000ba   Code   RO          917    .text.vTaskSwitchContext  tasks.o
    0x00003a0e   0x00003a0e   0x00000002   PAD
    0x00003a10   0x00003a10   0x000000c2   Code   RO          154    .text.vUltrasonicTask  ultrasonic.o
    0x00003ad2   0x00003ad2   0x00000002   PAD
    0x00003ad4   0x00003ad4   0x0000006c   Code   RO          730    .text.xPortStartScheduler  port.o
    0x00003b40   0x00003b40   0x0000003e   Code   RO          746    .text.xPortSysTickHandler  port.o
    0x00003b7e   0x00003b7e   0x00000002   PAD
    0x00003b80   0x00003b80   0x00000026   Code   RO          800    .text.xQueueCreateMutex  queue.o
    0x00003ba6   0x00003ba6   0x00000002   PAD
    0x00003ba8   0x00003ba8   0x00000032   Code   RO          804    .text.xQueueCreateMutexStatic  queue.o
    0x00003bda   0x00003bda   0x00000002   PAD
    0x00003bdc   0x00003bdc   0x00000086   Code   RO          798    .text.xQueueGenericCreate  queue.o
    0x00003c62   0x00003c62   0x00000002   PAD
    0x00003c64   0x00003c64   0x0000006c   Code   RO          792    .text.xQueueGenericCreateStatic  queue.o
    0x00003cd0   0x00003cd0   0x000000d0   Code   RO          790    .text.xQueueGenericReset  queue.o
    0x00003da0   0x00003da0   0x0000016a   Code   RO          812    .text.xQueueGenericSend  queue.o
    0x00003f0a   0x00003f0a   0x00000002   PAD
    0x00003f0c   0x00003f0c   0x000000c6   Code   RO          830    .text.xQueueGiveFromISR  queue.o
    0x00003fd2   0x00003fd2   0x00000002   PAD
    0x00003fd4   0x00003fd4   0x00000152   Code   RO          832    .text.xQueueReceive  queue.o
    0x00004126   0x00004126   0x00000002   PAD
    0x00004128   0x00004128   0x0000019e   Code   RO          816    .text.xQueueSemaphoreTake  queue.o
    0x000042c6   0x000042c6   0x00000002   PAD
    0x000042c8   0x000042c8   0x000000c4   Code   RO          967    .text.xTaskCheckForTimeOut  tasks.o
    0x0000438c   0x0000438c   0x00000052   Code   RO          883    .text.xTaskCreate   tasks.o
    0x000043de   0x000043de   0x00000002   PAD
    0x000043e0   0x000043e0   0x0000005c   Code   RO          877    .text.xTaskCreateStatic  tasks.o
    0x0000443c   0x0000443c   0x00000038   Code   RO          985    .text.xTaskGetSchedulerState  tasks.o
    0x00004474   0x00004474   0x00000014   Code   RO          935    .text.xTaskGetTickCount  tasks.o
    0x00004488   0x00004488   0x0000025e   Code   RO          933    .text.xTaskIncrementTick  tasks.o
    0x000046e6   0x000046e6   0x00000002   PAD
    0x000046e8   0x000046e8   0x000000f2   Code   RO          989    .text.xTaskPriorityDisinherit  tasks.o
    0x000047da   0x000047da   0x00000002   PAD
    0x000047dc   0x000047dc   0x0000015c   Code   RO          987    .text.xTaskPriorityInherit  tasks.o
    0x00004938   0x00004938   0x00000194   Code   RO          959    .text.xTaskRemoveFromEventList  tasks.o
    0x00004acc   0x00004acc   0x0000023e   Code   RO          899    .text.xTaskResumeAll  tasks.o
    0x00004d0a   0x00004d0a   0x00000002   PAD
    0x00004d0c   0x00004d0c   0x00000078   Code   RO         1057    .text.xTimerCreateTimerTask  timers.o
    0x00004d84   0x00004d84   0x0000001a   Code   RO         1155    x$fpl$fpinit        fz_wm.l(fpinit.o)
    0x00004d9e   0x00004d9e   0x00000002   PAD
    0x00004da0   0x00004da0   0x000000c0   Data   RO          316    .rodata.g_ppui32GPIOIntMapBlizzard  gpio.o
    0x00004e60   0x00004e60   0x000000c0   Data   RO          317    .rodata.g_ppui32GPIOIntMapSnowflake  gpio.o
    0x00004f20   0x00004f20   0x00000014   Data   RO          362    .rodata.g_pui32EnRegs  interrupt.o
    0x00004f34   0x00004f34   0x0000009c   Data   RO          361    .rodata.g_pui32Regs  interrupt.o
    0x00004fd0   0x00004fd0   0x0000004e   Data   RO           34    .rodata.str1.1      main.o
    0x0000501e   0x0000501e   0x00000033   Data   RO           84    .rodata.str1.1      lcd.o
    0x00005051   0x00005051   0x00000005   Data   RO         1049    .rodata.str1.1      tasks.o
    0x00005056   0x00005056   0x00000008   Data   RO         1122    .rodata.str1.1      timers.o
    0x0000505e   0x0000505e   0x00000002   PAD
    0x00005060   0x00005060   0x00000004   Data   RO         1040    .rodata.uxTopUsedPriority  tasks.o
    0x00005064   0x00005064   0x00000020   Data   RO         1487    Region$$Table       anon$$obj.o


    Execution Region ER_RW (Exec base: 0x20000000, Load base: 0x00005400, Size: 0x0000066c, Max: 0xffffffff, ABSOLUTE, COMPRESSED[0x00000018])

    Exec Addr    Load Addr    Size         Type   Attr      Idx    E Section Name        Object

    0x20000000   COMPRESSED   0x00000004   Data   RW          659    .data.SystemCoreClock  system_tm4c123.o
    0x20000004   COMPRESSED   0x00000004   Data   RW          748    .data.uxCriticalNesting  port.o
    0x20000008   COMPRESSED   0x000003f8   PAD
    0x20000400   COMPRESSED   0x0000026c   Data   RW          359    vtable              interrupt.o


    Execution Region ER_ZI (Exec base: 0x20000670, Load base: 0x00005418, Size: 0x00002e28, Max: 0xffffffff, ABSOLUTE)

    Exec Addr    Load Addr    Size         Type   Attr      Idx    E Section Name        Object

    0x20000670        -       0x00000060   Zero   RW         1351    .bss                c_w.l(libspace.o)
    0x200006d0        -       0x00000004   Zero   RW          169    .bss.UltrasonicHandle  ultrasonic.o
    0x200006d4        -       0x00000190   Zero   RW          413    .bss.clib_mutex_cb  clib_os.o
    0x20000864        -       0x00000014   Zero   RW          412    .bss.clib_mutex_id  clib_os.o
    0x20000878        -       0x00000004   Zero   RW          170    .bss.distance       ultrasonic.o
    0x2000087c        -       0x00000001   Zero   RW          207    .bss.door_state     door.o
    0x2000087d        -       0x00000001   Zero   RW          146    .bss.gear_state     gear.o
    0x2000087e        -       0x00000001   Zero   RW          134    .bss.ignition_state  ignition.o
    0x2000087f   0x00005418   0x00000001   PAD
    0x20000880        -       0x00000004   Zero   RW          171    .bss.latest_distance  ultrasonic.o
    0x20000884        -       0x00000001   Zero   RW          206    .bss.lock_state     door.o
    0x20000885        -       0x00000050   Zero   RW         1130    .bss.prvCheckForValidListAndQueue.ucStaticTimerQueueStorage  timers.o
    0x200008d5   0x00005418   0x00000003   PAD
    0x200008d8        -       0x00000050   Zero   RW         1129    .bss.prvCheckForValidListAndQueue.xStaticTimerQueue  timers.o
    0x20000928        -       0x00000004   Zero   RW         1126    .bss.prvSampleTimeNow.xLastTime  timers.o
    0x2000092c        -       0x00000004   Zero   RW         1023    .bss.pxCurrentTCB   tasks.o
    0x20000930        -       0x00000004   Zero   RW         1124    .bss.pxCurrentTimerList  timers.o
    0x20000934        -       0x00000004   Zero   RW         1030    .bss.pxDelayedTaskList  tasks.o
    0x20000938        -       0x00000004   Zero   RW          776    .bss.pxEnd          heap_4.o
    0x2000093c        -       0x00000004   Zero   RW         1031    .bss.pxOverflowDelayedTaskList  tasks.o
    0x20000940        -       0x00000004   Zero   RW         1125    .bss.pxOverflowTimerList  timers.o
    0x20000944        -       0x00000460   Zero   RW         1034    .bss.pxReadyTasksLists  tasks.o
    0x20000da4        -       0x00000004   Zero   RW          119    .bss.speed          potentiometer.o
    0x20000da8        -       0x00002000   Zero   RW          782    .bss.ucHeap         heap_4.o
    0x20002da8        -       0x00000004   Zero   RW         1028    .bss.uxCurrentNumberOfTasks  tasks.o
    0x20002dac        -       0x00000004   Zero   RW         1027    .bss.uxDeletedTasksWaitingCleanUp  tasks.o
    0x20002db0        -       0x00000004   Zero   RW         1036    .bss.uxSchedulerSuspended  tasks.o
    0x20002db4        -       0x00000004   Zero   RW         1024    .bss.uxTaskNumber   tasks.o
    0x20002db8        -       0x00000004   Zero   RW         1035    .bss.uxTopReadyPriority  tasks.o
    0x20002dbc        -       0x00000200   Zero   RW         1044    .bss.vApplicationGetIdleTaskMemory.uxIdleTaskStack  tasks.o
    0x20002fbc        -       0x0000005c   Zero   RW         1043    .bss.vApplicationGetIdleTaskMemory.xIdleTaskTCB  tasks.o
    0x20003018        -       0x00000140   Zero   RW         1046    .bss.vApplicationGetTimerTaskMemory.uxTimerTaskStack  tasks.o
    0x20003158        -       0x0000005c   Zero   RW         1045    .bss.vApplicationGetTimerTaskMemory.xTimerTaskTCB  tasks.o
    0x200031b4        -       0x00000014   Zero   RW         1127    .bss.xActiveTimerList1  timers.o
    0x200031c8        -       0x00000014   Zero   RW         1128    .bss.xActiveTimerList2  timers.o
    0x200031dc        -       0x00000004   Zero   RW          194    .bss.xBuzzerSemaphore  buzzer.o
    0x200031e0        -       0x00000004   Zero   RW           33    .bss.xDataMutex     main.o
    0x200031e4        -       0x00000014   Zero   RW         1047    .bss.xDelayedTaskList1  tasks.o
    0x200031f8        -       0x00000014   Zero   RW         1048    .bss.xDelayedTaskList2  tasks.o
    0x2000320c        -       0x00000004   Zero   RW          208    .bss.xDoorSemaphore  door.o
    0x20003210        -       0x00000004   Zero   RW          777    .bss.xFreeBytesRemaining  heap_4.o
    0x20003214        -       0x00000004   Zero   RW          147    .bss.xGearSemaphore  gear.o
    0x20003218        -       0x00000004   Zero   RW         1039    .bss.xIdleTaskHandles  tasks.o
    0x2000321c        -       0x00000004   Zero   RW          135    .bss.xIgnitionSemaphore  ignition.o
    0x20003220        -       0x00000004   Zero   RW          209    .bss.xLockSemaphore  door.o
    0x20003224        -       0x00000004   Zero   RW          779    .bss.xMinimumEverFreeBytesRemaining  heap_4.o
    0x20003228        -       0x00000004   Zero   RW         1038    .bss.xNextTaskUnblockTime  tasks.o
    0x2000322c        -       0x00000004   Zero   RW         1042    .bss.xNumOfOverflows  tasks.o
    0x20003230        -       0x00000004   Zero   RW          780    .bss.xNumberOfSuccessfulAllocations  heap_4.o
    0x20003234        -       0x00000004   Zero   RW          781    .bss.xNumberOfSuccessfulFrees  heap_4.o
    0x20003238        -       0x00000004   Zero   RW         1041    .bss.xPendedTicks   tasks.o
    0x2000323c        -       0x00000014   Zero   RW         1032    .bss.xPendingReadyList  tasks.o
    0x20003250        -       0x00000004   Zero   RW         1025    .bss.xSchedulerRunning  tasks.o
    0x20003254        -       0x00000008   Zero   RW          778    .bss.xStart         heap_4.o
    0x2000325c        -       0x00000014   Zero   RW         1033    .bss.xSuspendedTaskList  tasks.o
    0x20003270        -       0x00000014   Zero   RW         1026    .bss.xTasksWaitingTermination  tasks.o
    0x20003284        -       0x00000004   Zero   RW         1029    .bss.xTickCount     tasks.o
    0x20003288        -       0x00000004   Zero   RW         1121    .bss.xTimerQueue    timers.o
    0x2000328c        -       0x00000004   Zero   RW         1123    .bss.xTimerTaskHandle  timers.o
    0x20003290        -       0x00000004   Zero   RW          168    .bss.xUltrasonicSemaphore  ultrasonic.o
    0x20003294        -       0x00000004   Zero   RW         1037    .bss.xYieldPendings  tasks.o
    0x20003298        -       0x00000000   Zero   RW          644    HEAP                startup_tm4c123.o
    0x20003298        -       0x00000200   Zero   RW          643    STACK               startup_tm4c123.o


==============================================================================

Image component sizes


      Code (inc. data)   RO Data    RW Data    ZI Data      Debug   Object Name

       510          4          0          0          4       2268   buzzer.o
       422          0          0          0        420       4343   clib_os.o
        30          0          0          0          0      29761   cmsis_os2.o
       832         18          0          0          0       1987   dio.o
       194          0          0          0         10       1535   door.o
       178          0          0          0          5       1401   gear.o
       466          0        384          0          0       9745   gpio.o
       942          0          0          0       8220       4566   heap_4.o
       136          0          0          0          5       1333   ignition.o
       374          0        176        620          0       3800   interrupt.o
      1490          0         51          0          0       4945   lcd.o
       238          0          0          0          0       2381   list.o
      1054          0         78          0          4       2128   main.o
       652         16          0          4          0       2988   port.o
       354          8          0          0          4       1680   potentiometer.o
      2668          0          0          0          0      14929   queue.o
        10          0          0          0          0       1744   retarget.o
       276         24        620          0        512       5528   startup_tm4c123.o
       268          0          0          4          0       6839   system_tm4c123.o
      5380          0          9          0       2296      27275   tasks.o
      1248         10          8          0        220      11247   timers.o
       644          0          0          0         16       2219   ultrasonic.o

    ----------------------------------------------------------------------
     18516         80       1360       1644      11720     144642   Object Totals
         0          0         32          0          0          0   (incl. Generated)
       150          0          2       1016          4          0   (incl. Padding)

    ----------------------------------------------------------------------

      Code (inc. data)   RO Data    RW Data    ZI Data      Debug   Library Member Name

        58          0          0          0          0          0   __dczerorl.o
         8          0          0          0          0         68   __main.o
         0          0          0          0          0          0   __rtentry.o
        20          0          0          0          0          0   __rtentry2.o
         6          0          0          0          0          0   __rtentry4.o
        52          8          0          0          0          0   __scatter.o
        28          0          0          0          0          0   __scatter_zi.o
        16          0          0          0          0         68   aeabi_memset4.o
        18          0          0          0          0         80   exit.o
         6          0          0          0          0        152   heapauxi.o
         2          0          0          0          0          0   libinit.o
         6          0          0          0          0          0   libinit2.o
         2          0          0          0          0          0   libshutdown.o
         2          0          0          0          0          0   libshutdown2.o
         8          4          0          0         96         68   libspace.o
        68          0          0          0          0         68   rt_memclr.o
        78          0          0          0          0         80   rt_memclr_w.o
       138          0          0          0          0         68   rt_memcpy_v6.o
       100          0          0          0          0         80   rt_memcpy_w.o
         2          0          0          0          0          0   rtexit.o
        10          0          0          0          0          0   rtexit2.o
        74          0          0          0          0         80   sys_stackheap_outer.o
        26          0          0          0          0        116   fpinit.o

    ----------------------------------------------------------------------
       736         12          0          0         96        928   Library Totals
         8          0          0          0          0          0   (incl. Padding)

    ----------------------------------------------------------------------

      Code (inc. data)   RO Data    RW Data    ZI Data      Debug   Library Name

       702         12          0          0         96        812   c_w.l
        26          0          0          0          0        116   fz_wm.l

    ----------------------------------------------------------------------
       736         12          0          0         96        928   Library Totals

    ----------------------------------------------------------------------

==============================================================================


      Code (inc. data)   RO Data    RW Data    ZI Data      Debug   

     19252         92       1360       1644      11816     144858   Grand Totals
     19252         92       1360         24      11816     144858   ELF Image Totals (compressed)
     19252         92       1360         24          0          0   ROM Totals

==============================================================================

    Total RO  Size (Code + RO Data)                20612 (  20.13kB)
    Total RW  Size (RW Data + ZI Data)             13460 (  13.14kB)
    Total ROM Size (Code + RO Data + RW Data)      20636 (  20.15kB)

==============================================================================

